============================== Prover9 ===============================
Prover9 (64) version 2009-11A, November 2009.
Process 11014 was started by u0_a494 on localhost,
Fri May  8 03:42:52 2026
The command was "/data/data/com.termux/files/usr/bin/prover9 -f logic_proofs/travis_ryle_trust_audit.in".
============================== end of head ===========================

============================== INPUT =================================

% Reading from file logic_proofs/travis_ryle_trust_audit.in


formulas(assumptions).
(all x (Trust_Record(x) -> Ministerial_Duty(x))).
(all x (Ministerial_Duty(x) & Modified(x) & -Consent(x) -> Inconsistent_Act(x))).
(all x (CorporateDebtor(x) -> PrivateTrust(x))).
(all x (ReportedAs(x,y,z) -> IdentityConversion(x))).
CorporateDebtor(Mohave_County_Entity).
Modified(Mohave_County_Entity).
-Consent(Mohave_County_Entity).
Trust_Record(Mohave_County_Entity).
end_of_list.

formulas(goals).
(exists x Inconsistent_Act(x)).
end_of_list.

============================== end of input ==========================

============================== PROCESS NON-CLAUSAL FORMULAS ==========

% Formulas that are not ordinary clauses:
1 (all x (Trust_Record(x) -> Ministerial_Duty(x))) # label(non_clause).  [assumption].
2 (all x (Ministerial_Duty(x) & Modified(x) & -Consent(x) -> Inconsistent_Act(x))) # label(non_clause).  [assumption].
3 (all x (CorporateDebtor(x) -> PrivateTrust(x))) # label(non_clause).  [assumption].
4 (all x (ReportedAs(x,y,z) -> IdentityConversion(x))) # label(non_clause).  [assumption].
5 (exists x Inconsistent_Act(x)) # label(non_clause) # label(goal).  [goal].

============================== end of process non-clausal formulas ===

============================== PROCESS INITIAL CLAUSES ===============

% Clauses before input processing:

formulas(usable).
end_of_list.

formulas(sos).
-Trust_Record(x) | Ministerial_Duty(x).  [clausify(1)].
-Ministerial_Duty(x) | -Modified(x) | Consent(x) | Inconsistent_Act(x).  [clausify(2)].
-CorporateDebtor(x) | PrivateTrust(x).  [clausify(3)].
-ReportedAs(x,y,z) | IdentityConversion(x).  [clausify(4)].
CorporateDebtor(Mohave_County_Entity).  [assumption].
Modified(Mohave_County_Entity).  [assumption].
-Consent(Mohave_County_Entity).  [assumption].
Trust_Record(Mohave_County_Entity).  [assumption].
-Inconsistent_Act(x).  [deny(5)].
end_of_list.

formulas(demodulators).
end_of_list.

============================== PREDICATE ELIMINATION =================

Eliminating Trust_Record/1
6 Trust_Record(Mohave_County_Entity).  [assumption].
7 -Trust_Record(x) | Ministerial_Duty(x).  [clausify(1)].
Derived: Ministerial_Duty(Mohave_County_Entity).  [resolve(6,a,7,a)].

Eliminating Ministerial_Duty/1
8 Ministerial_Duty(Mohave_County_Entity).  [resolve(6,a,7,a)].
9 -Ministerial_Duty(x) | -Modified(x) | Consent(x) | Inconsistent_Act(x).  [clausify(2)].
Derived: -Modified(Mohave_County_Entity) | Consent(Mohave_County_Entity) | Inconsistent_Act(Mohave_County_Entity).  [resolve(8,a,9,a)].

Eliminating CorporateDebtor/1
10 CorporateDebtor(Mohave_County_Entity).  [assumption].
11 -CorporateDebtor(x) | PrivateTrust(x).  [clausify(3)].
Derived: PrivateTrust(Mohave_County_Entity).  [resolve(10,a,11,a)].

Eliminating ReportedAs/3

Eliminating Modified/1
12 -Modified(Mohave_County_Entity) | Consent(Mohave_County_Entity) | Inconsistent_Act(Mohave_County_Entity).  [resolve(8,a,9,a)].
13 Modified(Mohave_County_Entity).  [assumption].
Derived: Consent(Mohave_County_Entity) | Inconsistent_Act(Mohave_County_Entity).  [resolve(12,a,13,a)].

Eliminating Consent/1
14 Consent(Mohave_County_Entity) | Inconsistent_Act(Mohave_County_Entity).  [resolve(12,a,13,a)].
15 -Consent(Mohave_County_Entity).  [assumption].
Derived: Inconsistent_Act(Mohave_County_Entity).  [resolve(14,a,15,a)].

Eliminating Inconsistent_Act/1
16 Inconsistent_Act(Mohave_County_Entity).  [resolve(14,a,15,a)].
17 -Inconsistent_Act(x).  [deny(5)].
Derived: $F.  [resolve(16,a,17,a)].

Eliminating PrivateTrust/1

============================== end predicate elimination =============

Auto_denials:  (no changes).

Term ordering decisions:
Predicate symbol precedence:  predicate_order([ ]).
Function symbol precedence:  function_order([ ]).
After inverse_order:  (no changes).
Unfolding symbols: (none).

Auto_inference settings:
  % set(neg_binary_resolution).  % (HNE depth_diff=0)
  % clear(ordered_res).  % (HNE depth_diff=0)
  % set(ur_resolution).  % (HNE depth_diff=0)
    % set(ur_resolution) -> set(pos_ur_resolution).
    % set(ur_resolution) -> set(neg_ur_resolution).

Auto_process settings:  (no changes).


============================== PROOF =================================

% Proof 1 at 0.01 (+ 0.01) seconds.
% Length of proof is 14.
% Level of proof is 6.
% Maximum clause weight is 0.000.
% Given clauses 0.

1 (all x (Trust_Record(x) -> Ministerial_Duty(x))) # label(non_clause).  [assumption].
2 (all x (Ministerial_Duty(x) & Modified(x) & -Consent(x) -> Inconsistent_Act(x))) # label(non_clause).  [assumption].
5 (exists x Inconsistent_Act(x)) # label(non_clause) # label(goal).  [goal].
6 Trust_Record(Mohave_County_Entity).  [assumption].
7 -Trust_Record(x) | Ministerial_Duty(x).  [clausify(1)].
8 Ministerial_Duty(Mohave_County_Entity).  [resolve(6,a,7,a)].
9 -Ministerial_Duty(x) | -Modified(x) | Consent(x) | Inconsistent_Act(x).  [clausify(2)].
12 -Modified(Mohave_County_Entity) | Consent(Mohave_County_Entity) | Inconsistent_Act(Mohave_County_Entity).  [resolve(8,a,9,a)].
13 Modified(Mohave_County_Entity).  [assumption].
14 Consent(Mohave_County_Entity) | Inconsistent_Act(Mohave_County_Entity).  [resolve(12,a,13,a)].
15 -Consent(Mohave_County_Entity).  [assumption].
16 Inconsistent_Act(Mohave_County_Entity).  [resolve(14,a,15,a)].
17 -Inconsistent_Act(x).  [deny(5)].
18 $F.  [resolve(16,a,17,a)].

============================== end of proof ==========================

============================== STATISTICS ============================

Given=0. Generated=1. Kept=0. proofs=1.
Usable=0. Sos=0. Demods=0. Limbo=0, Disabled=15. Hints=0.
Kept_by_rule=0, Deleted_by_rule=0.
Forward_subsumed=0. Back_subsumed=0.
Sos_limit_deleted=0. Sos_displaced=0. Sos_removed=0.
New_demodulators=0 (0 lex), Back_demodulated=0. Back_unit_deleted=0.
Demod_attempts=0. Demod_rewrites=0.
Res_instance_prunes=0. Para_instance_prunes=0. Basic_paramod_prunes=0.
Nonunit_fsub_feature_tests=0. Nonunit_bsub_feature_tests=0.
Megabytes=0.03.
User_CPU=0.01, System_CPU=0.01, Wall_clock=0.

============================== end of statistics =====================

============================== end of search =========================

THEOREM PROVED

Exiting with 1 proof.

Process 11014 exit (max_proofs) Fri May  8 03:42:52 2026
