============================== Mace4 =================================
Mace4 (64) version 2009-11A, November 2009.
Process 29721 was started by u0_a494 on localhost,
Fri May  8 03:19:32 2026
The command was "/data/data/com.termux/files/usr/bin/mace4 -f logic_proofs/travis_ryle_trust_audit.in".
============================== end of head ===========================

============================== INPUT =================================

% Reading from file logic_proofs/travis_ryle_trust_audit.in


formulas(assumptions).
PrivateTrust(travis_ryle_trust) & SecurityAgreement(travis_ryle_trust) -> CorporateDebtor(travis_ryle_trust).
ReportedAs(lexisnexis,travis_ryle_trust,corporate_status) & CorporateDebtor(travis_ryle_trust) -> IdentityConversion(travis_ryle_trust).
PrivateTrust(travis_ryle_trust).
ReportedAs(lexisnexis,travis_ryle_trust,corporate_status).
-SecurityAgreement(travis_ryle_trust).
end_of_list.

formulas(goals).
IdentityConversion(travis_ryle_trust).
end_of_list.

============================== end of input ==========================

============================== PROCESS NON-CLAUSAL FORMULAS ==========

% Formulas that are not ordinary clauses:
1 PrivateTrust(travis_ryle_trust) & SecurityAgreement(travis_ryle_trust) -> CorporateDebtor(travis_ryle_trust) # label(non_clause).  [assumption].
2 ReportedAs(lexisnexis,travis_ryle_trust,corporate_status) & CorporateDebtor(travis_ryle_trust) -> IdentityConversion(travis_ryle_trust) # label(non_clause).  [assumption].
3 IdentityConversion(travis_ryle_trust) # label(non_clause) # label(goal).  [goal].

============================== end of process non-clausal formulas ===

============================== CLAUSES FOR SEARCH ====================

formulas(mace4_clauses).
-PrivateTrust(travis_ryle_trust) | -SecurityAgreement(travis_ryle_trust) | CorporateDebtor(travis_ryle_trust).
-ReportedAs(lexisnexis,travis_ryle_trust,corporate_status) | -CorporateDebtor(travis_ryle_trust) | IdentityConversion(travis_ryle_trust).
PrivateTrust(travis_ryle_trust).
ReportedAs(lexisnexis,travis_ryle_trust,corporate_status).
-SecurityAgreement(travis_ryle_trust).
-IdentityConversion(travis_ryle_trust).
end_of_list.

============================== end of clauses for search =============

% There are no natural numbers in the input.

============================== DOMAIN SIZE 2 =========================

============================== MODEL =================================

interpretation( 2, [number=1, seconds=0], [

        function(corporate_status, [ 0 ]),

        function(lexisnexis, [ 0 ]),

        function(travis_ryle_trust, [ 0 ]),

        relation(CorporateDebtor(_), [ 0, 0 ]),

        relation(IdentityConversion(_), [ 0, 0 ]),

        relation(PrivateTrust(_), [ 1, 0 ]),

        relation(SecurityAgreement(_), [ 0, 0 ]),

        relation(ReportedAs(_,_,_), [
			   1, 0,
			   0, 0,
			   0, 0,
			   0, 0 ])
]).

============================== end of model ==========================

============================== STATISTICS ============================

For domain size 2.

Current CPU time: 0.00 seconds (total CPU time: 0.00 seconds).
Ground clauses: seen=6, kept=6.
Selections=14, assignments=14, propagations=5, current_models=1.
Rewrite_terms=14, rewrite_bools=9, indexes=5.
Rules_from_neg_clauses=0, cross_offs=0.

============================== end of statistics =====================

User_CPU=0.00, System_CPU=0.01, Wall_clock=0.

Exiting with 1 model.

Process 29721 exit (max_models) Fri May  8 03:19:32 2026
The process finished Fri May  8 03:19:32 2026
