============================== Prover9 ===============================
Prover9 (64) version 2009-11A, November 2009.
Process 20441 was started by u0_a494 on localhost,
Sun Apr 19 01:33:53 2026
The command was "/data/data/com.termux/files/usr/bin/prover9 -f audit.in".
============================== end of head ===========================

============================== INPUT =================================

% Reading from file audit.in


formulas(assumptions).
(all c (FabricatedStatus(c) -> -LawfulBasis(c))).
(all c (-LawfulBasis(c) -> VoidAbInitio(c))).
(all c all p (VoidAbInitio(c) & Classification(p,c,felony) -> IdentityConversion(p))).
FabricatedStatus(case_2007).
Classification(travis,case_2007,felony).
end_of_list.

formulas(goals).
VoidAbInitio(case_2007).
end_of_list.

============================== end of input ==========================

============================== PROCESS NON-CLAUSAL FORMULAS ==========

% Formulas that are not ordinary clauses:
1 (all c (FabricatedStatus(c) -> -LawfulBasis(c))) # label(non_clause).  [assumption].
2 (all c (-LawfulBasis(c) -> VoidAbInitio(c))) # label(non_clause).  [assumption].
3 (all c all p (VoidAbInitio(c) & Classification(p,c,felony) -> IdentityConversion(p))) # label(non_clause).  [assumption].
4 VoidAbInitio(case_2007) # label(non_clause) # label(goal).  [goal].

============================== end of process non-clausal formulas ===

============================== PROCESS INITIAL CLAUSES ===============

% Clauses before input processing:

formulas(usable).
end_of_list.

formulas(sos).
-FabricatedStatus(x) | -LawfulBasis(x).  [clausify(1)].
LawfulBasis(x) | VoidAbInitio(x).  [clausify(2)].
-VoidAbInitio(x) | -Classification(y,x,felony) | IdentityConversion(y).  [clausify(3)].
FabricatedStatus(case_2007).  [assumption].
Classification(travis,case_2007,felony).  [assumption].
-VoidAbInitio(case_2007).  [deny(4)].
end_of_list.

formulas(demodulators).
end_of_list.

============================== PREDICATE ELIMINATION =================

Eliminating FabricatedStatus/1
5 FabricatedStatus(case_2007).  [assumption].
6 -FabricatedStatus(x) | -LawfulBasis(x).  [clausify(1)].
Derived: -LawfulBasis(case_2007).  [resolve(5,a,6,a)].

Eliminating LawfulBasis/1
7 -LawfulBasis(case_2007).  [resolve(5,a,6,a)].
8 LawfulBasis(x) | VoidAbInitio(x).  [clausify(2)].
Derived: VoidAbInitio(case_2007).  [resolve(7,a,8,a)].

Eliminating VoidAbInitio/1
9 VoidAbInitio(case_2007).  [resolve(7,a,8,a)].
10 -VoidAbInitio(x) | -Classification(y,x,felony) | IdentityConversion(y).  [clausify(3)].
11 -VoidAbInitio(case_2007).  [deny(4)].
Derived: -Classification(x,case_2007,felony) | IdentityConversion(x).  [resolve(9,a,10,a)].
Derived: $F.  [resolve(9,a,11,a)].

Eliminating Classification/3
12 -Classification(x,case_2007,felony) | IdentityConversion(x).  [resolve(9,a,10,a)].
13 Classification(travis,case_2007,felony).  [assumption].

============================== end predicate elimination =============

Auto_denials:  (no changes).

Term ordering decisions:
Predicate symbol precedence:  predicate_order([ ]).
Function symbol precedence:  function_order([ ]).
After inverse_order:  (no changes).
Unfolding symbols: (none).

Auto_inference settings:
  % set(neg_binary_resolution).  % (HNE depth_diff=0)
  % clear(ordered_res).  % (HNE depth_diff=0)
  % set(ur_resolution).  % (HNE depth_diff=0)
    % set(ur_resolution) -> set(pos_ur_resolution).
    % set(ur_resolution) -> set(neg_ur_resolution).

Auto_process settings:  (no changes).


============================== PROOF =================================

% Proof 1 at 0.01 (+ 0.01) seconds.
% Length of proof is 10.
% Level of proof is 4.
% Maximum clause weight is 0.000.
% Given clauses 0.

1 (all c (FabricatedStatus(c) -> -LawfulBasis(c))) # label(non_clause).  [assumption].
2 (all c (-LawfulBasis(c) -> VoidAbInitio(c))) # label(non_clause).  [assumption].
4 VoidAbInitio(case_2007) # label(non_clause) # label(goal).  [goal].
5 FabricatedStatus(case_2007).  [assumption].
6 -FabricatedStatus(x) | -LawfulBasis(x).  [clausify(1)].
7 -LawfulBasis(case_2007).  [resolve(5,a,6,a)].
8 LawfulBasis(x) | VoidAbInitio(x).  [clausify(2)].
9 VoidAbInitio(case_2007).  [resolve(7,a,8,a)].
11 -VoidAbInitio(case_2007).  [deny(4)].
14 $F.  [resolve(9,a,11,a)].

============================== end of proof ==========================

============================== STATISTICS ============================

Given=0. Generated=1. Kept=0. proofs=1.
Usable=0. Sos=0. Demods=0. Limbo=0, Disabled=10. Hints=0.
Kept_by_rule=0, Deleted_by_rule=0.
Forward_subsumed=0. Back_subsumed=0.
Sos_limit_deleted=0. Sos_displaced=0. Sos_removed=0.
New_demodulators=0 (0 lex), Back_demodulated=0. Back_unit_deleted=0.
Demod_attempts=0. Demod_rewrites=0.
Res_instance_prunes=0. Para_instance_prunes=0. Basic_paramod_prunes=0.
Nonunit_fsub_feature_tests=0. Nonunit_bsub_feature_tests=0.
Megabytes=0.03.
User_CPU=0.01, System_CPU=0.01, Wall_clock=0.

============================== end of statistics =====================

============================== end of search =========================

THEOREM PROVED

Exiting with 1 proof.

Process 20441 exit (max_proofs) Sun Apr 19 01:33:53 2026
