============================== Prover9 ===============================
Prover9 (64) version 2009-11A, November 2009.
Process 9077 was started by u0_a494 on localhost,
Mon Apr 20 02:50:41 2026
The command was "/data/data/com.termux/files/usr/bin/prover9 -f audit_extraction.in".
============================== end of head ===========================

============================== INPUT =================================

% Reading from file audit_extraction.in


formulas(sos).
Trustee(Travis_Ryle).
Attorney(David_J_Hyun).
Assistant(Mary_M_Wong).
Instrument(UCC_U250155131317).
(all x (Attorney(x) -> Has_Agency_Proof(x) | Unauthorized_Action(x))).
-Has_Agency_Proof(David_J_Hyun).
end_of_list.

formulas(goals).
Unauthorized_Action(David_J_Hyun).
end_of_list.

============================== end of input ==========================

============================== PROCESS NON-CLAUSAL FORMULAS ==========

% Formulas that are not ordinary clauses:
1 (all x (Attorney(x) -> Has_Agency_Proof(x) | Unauthorized_Action(x))) # label(non_clause).  [assumption].
2 Unauthorized_Action(David_J_Hyun) # label(non_clause) # label(goal).  [goal].

============================== end of process non-clausal formulas ===

============================== PROCESS INITIAL CLAUSES ===============

% Clauses before input processing:

formulas(usable).
end_of_list.

formulas(sos).
Trustee(Travis_Ryle).  [assumption].
Attorney(David_J_Hyun).  [assumption].
Assistant(Mary_M_Wong).  [assumption].
Instrument(UCC_U250155131317).  [assumption].
-Attorney(x) | Has_Agency_Proof(x) | Unauthorized_Action(x).  [clausify(1)].
-Has_Agency_Proof(David_J_Hyun).  [assumption].
-Unauthorized_Action(David_J_Hyun).  [deny(2)].
end_of_list.

formulas(demodulators).
end_of_list.

============================== PREDICATE ELIMINATION =================

Eliminating Trustee/1

Eliminating Attorney/1
3 -Attorney(x) | Has_Agency_Proof(x) | Unauthorized_Action(x).  [clausify(1)].
4 Attorney(David_J_Hyun).  [assumption].
Derived: Has_Agency_Proof(David_J_Hyun) | Unauthorized_Action(David_J_Hyun).  [resolve(3,a,4,a)].

Eliminating Assistant/1

Eliminating Instrument/1

Eliminating Has_Agency_Proof/1
5 Has_Agency_Proof(David_J_Hyun) | Unauthorized_Action(David_J_Hyun).  [resolve(3,a,4,a)].
6 -Has_Agency_Proof(David_J_Hyun).  [assumption].
Derived: Unauthorized_Action(David_J_Hyun).  [resolve(5,a,6,a)].

Eliminating Unauthorized_Action/1
7 Unauthorized_Action(David_J_Hyun).  [resolve(5,a,6,a)].
8 -Unauthorized_Action(David_J_Hyun).  [deny(2)].
Derived: $F.  [resolve(7,a,8,a)].

============================== end predicate elimination =============

Auto_denials:  (no changes).

Term ordering decisions:
Predicate symbol precedence:  predicate_order([ ]).
Function symbol precedence:  function_order([ ]).
After inverse_order:  (no changes).
Unfolding symbols: (none).

Auto_inference settings:
  % set(neg_binary_resolution).  % (HNE depth_diff=0)
  % clear(ordered_res).  % (HNE depth_diff=0)
  % set(ur_resolution).  % (HNE depth_diff=0)
    % set(ur_resolution) -> set(pos_ur_resolution).
    % set(ur_resolution) -> set(neg_ur_resolution).

Auto_process settings:  (no changes).


============================== PROOF =================================

% Proof 1 at 0.00 (+ 0.01) seconds.
% Length of proof is 9.
% Level of proof is 4.
% Maximum clause weight is 0.000.
% Given clauses 0.

1 (all x (Attorney(x) -> Has_Agency_Proof(x) | Unauthorized_Action(x))) # label(non_clause).  [assumption].
2 Unauthorized_Action(David_J_Hyun) # label(non_clause) # label(goal).  [goal].
3 -Attorney(x) | Has_Agency_Proof(x) | Unauthorized_Action(x).  [clausify(1)].
4 Attorney(David_J_Hyun).  [assumption].
5 Has_Agency_Proof(David_J_Hyun) | Unauthorized_Action(David_J_Hyun).  [resolve(3,a,4,a)].
6 -Has_Agency_Proof(David_J_Hyun).  [assumption].
7 Unauthorized_Action(David_J_Hyun).  [resolve(5,a,6,a)].
8 -Unauthorized_Action(David_J_Hyun).  [deny(2)].
9 $F.  [resolve(7,a,8,a)].

============================== end of proof ==========================

============================== STATISTICS ============================

Given=0. Generated=1. Kept=0. proofs=1.
Usable=0. Sos=0. Demods=0. Limbo=0, Disabled=10. Hints=0.
Kept_by_rule=0, Deleted_by_rule=0.
Forward_subsumed=0. Back_subsumed=0.
Sos_limit_deleted=0. Sos_displaced=0. Sos_removed=0.
New_demodulators=0 (0 lex), Back_demodulated=0. Back_unit_deleted=0.
Demod_attempts=0. Demod_rewrites=0.
Res_instance_prunes=0. Para_instance_prunes=0. Basic_paramod_prunes=0.
Nonunit_fsub_feature_tests=0. Nonunit_bsub_feature_tests=0.
Megabytes=0.03.
User_CPU=0.00, System_CPU=0.01, Wall_clock=0.

============================== end of statistics =====================

============================== end of search =========================

THEOREM PROVED

Exiting with 1 proof.

Process 9077 exit (max_proofs) Mon Apr 20 02:50:41 2026
