============================== Prover9 ===============================
Prover9 (64) version 2009-11A, November 2009.
Process 10807 was started by u0_a494 on localhost,
Sat Apr 18 11:46:50 2026
The command was "/data/data/com.termux/files/home/LADR-2009-11A/bin/prover9 -f count_1_fabrication.in".
============================== end of head ===========================

============================== INPUT =================================

% Reading from file count_1_fabrication.in


formulas(assumptions).
(all x (Fabricated(x) -> Void(x))).
(all x (Void(x) -> -Lawful_Basis(x))).
Evidence(Ventura_2007_Case).
Fabricated(Ventura_2007_Case).
(all x (Evidence(x) & -Lawful_Basis(x) -> Section_1983_Violation)).
end_of_list.

formulas(goals).
Section_1983_Violation.
end_of_list.

============================== end of input ==========================

============================== PROCESS NON-CLAUSAL FORMULAS ==========

% Formulas that are not ordinary clauses:
1 (all x (Fabricated(x) -> Void(x))) # label(non_clause).  [assumption].
2 (all x (Void(x) -> -Lawful_Basis(x))) # label(non_clause).  [assumption].
3 (all x (Evidence(x) & -Lawful_Basis(x) -> Section_1983_Violation)) # label(non_clause).  [assumption].
4 Section_1983_Violation # label(non_clause) # label(goal).  [goal].

============================== end of process non-clausal formulas ===

============================== PROCESS INITIAL CLAUSES ===============

% Clauses before input processing:

formulas(usable).
end_of_list.

formulas(sos).
-Fabricated(x) | Void(x).  [clausify(1)].
-Void(x) | -Lawful_Basis(x).  [clausify(2)].
Evidence(Ventura_2007_Case).  [assumption].
Fabricated(Ventura_2007_Case).  [assumption].
-Evidence(x) | Lawful_Basis(x) | Section_1983_Violation.  [clausify(3)].
-Section_1983_Violation.  [deny(4)].
end_of_list.

formulas(demodulators).
end_of_list.

============================== PREDICATE ELIMINATION =================

Eliminating Fabricated/1
5 Fabricated(Ventura_2007_Case).  [assumption].
6 -Fabricated(x) | Void(x).  [clausify(1)].
Derived: Void(Ventura_2007_Case).  [resolve(5,a,6,a)].

Eliminating Void/1
7 Void(Ventura_2007_Case).  [resolve(5,a,6,a)].
8 -Void(x) | -Lawful_Basis(x).  [clausify(2)].
Derived: -Lawful_Basis(Ventura_2007_Case).  [resolve(7,a,8,a)].

Eliminating Evidence/1
9 -Evidence(x) | Lawful_Basis(x) | Section_1983_Violation.  [clausify(3)].
10 Evidence(Ventura_2007_Case).  [assumption].
Derived: Lawful_Basis(Ventura_2007_Case) | Section_1983_Violation.  [resolve(9,a,10,a)].

Eliminating Lawful_Basis/1
11 Lawful_Basis(Ventura_2007_Case) | Section_1983_Violation.  [resolve(9,a,10,a)].
12 -Lawful_Basis(Ventura_2007_Case).  [resolve(7,a,8,a)].
Derived: Section_1983_Violation.  [resolve(11,a,12,a)].

============================== end predicate elimination =============

Auto_denials:  (no changes).

Term ordering decisions:
Predicate symbol precedence:  predicate_order([ Section_1983_Violation ]).
Function symbol precedence:  function_order([ ]).
After inverse_order:  (no changes).
Unfolding symbols: (none).

Auto_inference settings:
  % set(neg_binary_resolution).  % (HNE depth_diff=0)
  % clear(ordered_res).  % (HNE depth_diff=0)
  % set(ur_resolution).  % (HNE depth_diff=0)
    % set(ur_resolution) -> set(pos_ur_resolution).
    % set(ur_resolution) -> set(neg_ur_resolution).

Auto_process settings:  (no changes).

kept:      13 -Section_1983_Violation.  [deny(4)].
kept:      14 Section_1983_Violation.  [resolve(11,a,12,a)].

============================== PROOF =================================

% Proof 1 at 0.00 (+ 0.01) seconds.
% Length of proof is 15.
% Level of proof is 5.
% Maximum clause weight is 1.000.
% Given clauses 0.

1 (all x (Fabricated(x) -> Void(x))) # label(non_clause).  [assumption].
2 (all x (Void(x) -> -Lawful_Basis(x))) # label(non_clause).  [assumption].
3 (all x (Evidence(x) & -Lawful_Basis(x) -> Section_1983_Violation)) # label(non_clause).  [assumption].
4 Section_1983_Violation # label(non_clause) # label(goal).  [goal].
5 Fabricated(Ventura_2007_Case).  [assumption].
6 -Fabricated(x) | Void(x).  [clausify(1)].
7 Void(Ventura_2007_Case).  [resolve(5,a,6,a)].
8 -Void(x) | -Lawful_Basis(x).  [clausify(2)].
9 -Evidence(x) | Lawful_Basis(x) | Section_1983_Violation.  [clausify(3)].
10 Evidence(Ventura_2007_Case).  [assumption].
11 Lawful_Basis(Ventura_2007_Case) | Section_1983_Violation.  [resolve(9,a,10,a)].
12 -Lawful_Basis(Ventura_2007_Case).  [resolve(7,a,8,a)].
13 -Section_1983_Violation.  [deny(4)].
14 Section_1983_Violation.  [resolve(11,a,12,a)].
15 $F.  [resolve(14,a,13,a)].

============================== end of proof ==========================

============================== STATISTICS ============================

Given=0. Generated=2. Kept=2. proofs=1.
Usable=0. Sos=0. Demods=0. Limbo=1, Disabled=10. Hints=0.
Kept_by_rule=0, Deleted_by_rule=0.
Forward_subsumed=0. Back_subsumed=0.
Sos_limit_deleted=0. Sos_displaced=0. Sos_removed=0.
New_demodulators=0 (0 lex), Back_demodulated=0. Back_unit_deleted=0.
Demod_attempts=0. Demod_rewrites=0.
Res_instance_prunes=0. Para_instance_prunes=0. Basic_paramod_prunes=0.
Nonunit_fsub_feature_tests=0. Nonunit_bsub_feature_tests=0.
Megabytes=0.03.
User_CPU=0.00, System_CPU=0.01, Wall_clock=0.

============================== end of statistics =====================

============================== end of search =========================

THEOREM PROVED

Exiting with 1 proof.

Process 10807 exit (max_proofs) Sat Apr 18 11:46:50 2026
