============================== Prover9 ===============================
Prover9 (64) version 2009-11A, November 2009.
Process 18185 was started by u0_a485 on localhost,
Tue May 26 00:11:38 2026
The command was "prover9 -f default_proof.in".
============================== end of head ===========================

============================== INPUT =================================

% Reading from file default_proof.in


formulas(assumptions).
ServedNotice(x) -> ClockRunning(x).
ClockRunning(x) & -RespondedInWindow(x) -> NonPerformance(x).
NonPerformance(x) -> ProceduralDefault(x).
ProceduralDefault(x) -> AdministrativeAdmission(x).
AdministrativeAdmission(x) -> -AuthorityToDispute(x).
ServedNotice(case230).
-RespondedInWindow(case230).
end_of_list.

formulas(goals).
-AuthorityToDispute(case230).
end_of_list.

============================== end of input ==========================

============================== PROCESS NON-CLAUSAL FORMULAS ==========

% Formulas that are not ordinary clauses:
1 ServedNotice(x) -> ClockRunning(x) # label(non_clause).  [assumption].
2 ClockRunning(x) & -RespondedInWindow(x) -> NonPerformance(x) # label(non_clause).  [assumption].
3 NonPerformance(x) -> ProceduralDefault(x) # label(non_clause).  [assumption].
4 ProceduralDefault(x) -> AdministrativeAdmission(x) # label(non_clause).  [assumption].
5 AdministrativeAdmission(x) -> -AuthorityToDispute(x) # label(non_clause).  [assumption].
6 -AuthorityToDispute(case230) # label(non_clause) # label(goal).  [goal].

============================== end of process non-clausal formulas ===

============================== PROCESS INITIAL CLAUSES ===============

% Clauses before input processing:

formulas(usable).
end_of_list.

formulas(sos).
-ServedNotice(x) | ClockRunning(x).  [clausify(1)].
-ClockRunning(x) | RespondedInWindow(x) | NonPerformance(x).  [clausify(2)].
-NonPerformance(x) | ProceduralDefault(x).  [clausify(3)].
-ProceduralDefault(x) | AdministrativeAdmission(x).  [clausify(4)].
-AdministrativeAdmission(x) | -AuthorityToDispute(x).  [clausify(5)].
ServedNotice(case230).  [assumption].
-RespondedInWindow(case230).  [assumption].
AuthorityToDispute(case230).  [deny(6)].
end_of_list.

formulas(demodulators).
end_of_list.

============================== PREDICATE ELIMINATION =================

Eliminating ServedNotice/1
7 ServedNotice(case230).  [assumption].
8 -ServedNotice(x) | ClockRunning(x).  [clausify(1)].
Derived: ClockRunning(case230).  [resolve(7,a,8,a)].

Eliminating ClockRunning/1
9 ClockRunning(case230).  [resolve(7,a,8,a)].
10 -ClockRunning(x) | RespondedInWindow(x) | NonPerformance(x).  [clausify(2)].
Derived: RespondedInWindow(case230) | NonPerformance(case230).  [resolve(9,a,10,a)].

Eliminating NonPerformance/1
11 RespondedInWindow(case230) | NonPerformance(case230).  [resolve(9,a,10,a)].
12 -NonPerformance(x) | ProceduralDefault(x).  [clausify(3)].
Derived: RespondedInWindow(case230) | ProceduralDefault(case230).  [resolve(11,b,12,a)].

Eliminating ProceduralDefault/1
13 RespondedInWindow(case230) | ProceduralDefault(case230).  [resolve(11,b,12,a)].
14 -ProceduralDefault(x) | AdministrativeAdmission(x).  [clausify(4)].
Derived: RespondedInWindow(case230) | AdministrativeAdmission(case230).  [resolve(13,b,14,a)].

Eliminating AdministrativeAdmission/1
15 RespondedInWindow(case230) | AdministrativeAdmission(case230).  [resolve(13,b,14,a)].
16 -AdministrativeAdmission(x) | -AuthorityToDispute(x).  [clausify(5)].
Derived: RespondedInWindow(case230) | -AuthorityToDispute(case230).  [resolve(15,b,16,a)].

Eliminating RespondedInWindow/1
17 RespondedInWindow(case230) | -AuthorityToDispute(case230).  [resolve(15,b,16,a)].
18 -RespondedInWindow(case230).  [assumption].
Derived: -AuthorityToDispute(case230).  [resolve(17,a,18,a)].

Eliminating AuthorityToDispute/1
19 -AuthorityToDispute(case230).  [resolve(17,a,18,a)].
20 AuthorityToDispute(case230).  [deny(6)].
Derived: $F.  [resolve(19,a,20,a)].

============================== end predicate elimination =============

Auto_denials:  (no changes).

Term ordering decisions:
Predicate symbol precedence:  predicate_order([ ]).
Function symbol precedence:  function_order([ ]).
After inverse_order:  (no changes).
Unfolding symbols: (none).

Auto_inference settings:
  % set(neg_binary_resolution).  % (HNE depth_diff=0)
  % clear(ordered_res).  % (HNE depth_diff=0)
  % set(ur_resolution).  % (HNE depth_diff=0)
    % set(ur_resolution) -> set(pos_ur_resolution).
    % set(ur_resolution) -> set(neg_ur_resolution).

Auto_process settings:  (no changes).


============================== PROOF =================================

% Proof 1 at 0.00 (+ 0.01) seconds.
% Length of proof is 21.
% Level of proof is 8.
% Maximum clause weight is 0.000.
% Given clauses 0.

1 ServedNotice(x) -> ClockRunning(x) # label(non_clause).  [assumption].
2 ClockRunning(x) & -RespondedInWindow(x) -> NonPerformance(x) # label(non_clause).  [assumption].
3 NonPerformance(x) -> ProceduralDefault(x) # label(non_clause).  [assumption].
4 ProceduralDefault(x) -> AdministrativeAdmission(x) # label(non_clause).  [assumption].
5 AdministrativeAdmission(x) -> -AuthorityToDispute(x) # label(non_clause).  [assumption].
6 -AuthorityToDispute(case230) # label(non_clause) # label(goal).  [goal].
7 ServedNotice(case230).  [assumption].
8 -ServedNotice(x) | ClockRunning(x).  [clausify(1)].
9 ClockRunning(case230).  [resolve(7,a,8,a)].
10 -ClockRunning(x) | RespondedInWindow(x) | NonPerformance(x).  [clausify(2)].
11 RespondedInWindow(case230) | NonPerformance(case230).  [resolve(9,a,10,a)].
12 -NonPerformance(x) | ProceduralDefault(x).  [clausify(3)].
13 RespondedInWindow(case230) | ProceduralDefault(case230).  [resolve(11,b,12,a)].
14 -ProceduralDefault(x) | AdministrativeAdmission(x).  [clausify(4)].
15 RespondedInWindow(case230) | AdministrativeAdmission(case230).  [resolve(13,b,14,a)].
16 -AdministrativeAdmission(x) | -AuthorityToDispute(x).  [clausify(5)].
17 RespondedInWindow(case230) | -AuthorityToDispute(case230).  [resolve(15,b,16,a)].
18 -RespondedInWindow(case230).  [assumption].
19 -AuthorityToDispute(case230).  [resolve(17,a,18,a)].
20 AuthorityToDispute(case230).  [deny(6)].
21 $F.  [resolve(19,a,20,a)].

============================== end of proof ==========================

============================== STATISTICS ============================

Given=0. Generated=1. Kept=0. proofs=1.
Usable=0. Sos=0. Demods=0. Limbo=0, Disabled=15. Hints=0.
Kept_by_rule=0, Deleted_by_rule=0.
Forward_subsumed=0. Back_subsumed=0.
Sos_limit_deleted=0. Sos_displaced=0. Sos_removed=0.
New_demodulators=0 (0 lex), Back_demodulated=0. Back_unit_deleted=0.
Demod_attempts=0. Demod_rewrites=0.
Res_instance_prunes=0. Para_instance_prunes=0. Basic_paramod_prunes=0.
Nonunit_fsub_feature_tests=0. Nonunit_bsub_feature_tests=0.
Megabytes=0.03.
User_CPU=0.00, System_CPU=0.01, Wall_clock=0.

============================== end of statistics =====================

============================== end of search =========================

THEOREM PROVED

Exiting with 1 proof.

Process 18185 exit (max_proofs) Tue May 26 00:11:38 2026
