============================== Prover9 ===============================
Prover9 (64) version 2009-11A, November 2009.
Process 31365 was started by u0_a494 on localhost,
Tue Apr 21 23:58:18 2026
The command was "/data/data/com.termux/files/usr/bin/prover9 -f logic_proofs/travis_ryle_trust_audit.in".
============================== end of head ===========================

============================== INPUT =================================

% Reading from file logic_proofs/travis_ryle_trust_audit.in


formulas(assumptions).
PrivateTrust(travis_ryle_trust) & SecurityAgreement(travis_ryle_trust) -> CorporateDebtor(travis_ryle_trust).
ReportedAs(lexisnexis,travis_ryle_trust,corporate_status) & CorporateDebtor(travis_ryle_trust) -> IdentityConversion(travis_ryle_trust).
PrivateTrust(travis_ryle_trust).
ReportedAs(lexisnexis,travis_ryle_trust,corporate_status).
-SecurityAgreement(travis_ryle_trust).
end_of_list.

formulas(goals).
IdentityConversion(travis_ryle_trust).
end_of_list.

============================== end of input ==========================

============================== PROCESS NON-CLAUSAL FORMULAS ==========

% Formulas that are not ordinary clauses:
1 PrivateTrust(travis_ryle_trust) & SecurityAgreement(travis_ryle_trust) -> CorporateDebtor(travis_ryle_trust) # label(non_clause).  [assumption].
2 ReportedAs(lexisnexis,travis_ryle_trust,corporate_status) & CorporateDebtor(travis_ryle_trust) -> IdentityConversion(travis_ryle_trust) # label(non_clause).  [assumption].
3 IdentityConversion(travis_ryle_trust) # label(non_clause) # label(goal).  [goal].

============================== end of process non-clausal formulas ===

============================== PROCESS INITIAL CLAUSES ===============

% Clauses before input processing:

formulas(usable).
end_of_list.

formulas(sos).
-PrivateTrust(travis_ryle_trust) | -SecurityAgreement(travis_ryle_trust) | CorporateDebtor(travis_ryle_trust).  [clausify(1)].
-ReportedAs(lexisnexis,travis_ryle_trust,corporate_status) | -CorporateDebtor(travis_ryle_trust) | IdentityConversion(travis_ryle_trust).  [clausify(2)].
PrivateTrust(travis_ryle_trust).  [assumption].
ReportedAs(lexisnexis,travis_ryle_trust,corporate_status).  [assumption].
-SecurityAgreement(travis_ryle_trust).  [assumption].
-IdentityConversion(travis_ryle_trust).  [deny(3)].
end_of_list.

formulas(demodulators).
end_of_list.

============================== PREDICATE ELIMINATION =================

Eliminating PrivateTrust/1
4 PrivateTrust(travis_ryle_trust).  [assumption].
5 -PrivateTrust(travis_ryle_trust) | -SecurityAgreement(travis_ryle_trust) | CorporateDebtor(travis_ryle_trust).  [clausify(1)].

Eliminating ReportedAs/3
6 ReportedAs(lexisnexis,travis_ryle_trust,corporate_status).  [assumption].
7 -ReportedAs(lexisnexis,travis_ryle_trust,corporate_status) | -CorporateDebtor(travis_ryle_trust) | IdentityConversion(travis_ryle_trust).  [clausify(2)].
Derived: -CorporateDebtor(travis_ryle_trust) | IdentityConversion(travis_ryle_trust).  [resolve(6,a,7,a)].

Eliminating SecurityAgreement/1

Eliminating IdentityConversion/1
8 -CorporateDebtor(travis_ryle_trust) | IdentityConversion(travis_ryle_trust).  [resolve(6,a,7,a)].
9 -IdentityConversion(travis_ryle_trust).  [deny(3)].
Derived: -CorporateDebtor(travis_ryle_trust).  [resolve(8,b,9,a)].

Eliminating CorporateDebtor/1

============================== end predicate elimination =============

Auto_denials:  (no changes).

Term ordering decisions:
Predicate symbol precedence:  predicate_order([ ]).
Function symbol precedence:  function_order([ ]).
After inverse_order:  (no changes).
Unfolding symbols: (none).

Auto_inference settings:
  % set(neg_binary_resolution).  % (HNE depth_diff=0)
  % clear(ordered_res).  % (HNE depth_diff=0)
  % set(ur_resolution).  % (HNE depth_diff=0)
    % set(ur_resolution) -> set(pos_ur_resolution).
    % set(ur_resolution) -> set(neg_ur_resolution).

Auto_process settings:  (no changes).


============================== end of process initial clauses ========

============================== CLAUSES FOR SEARCH ====================

% Clauses after input processing:

formulas(usable).
end_of_list.

formulas(sos).
end_of_list.

formulas(demodulators).
end_of_list.

============================== end of clauses for search =============

============================== SEARCH ================================

% Starting search at 0.00 seconds.

============================== STATISTICS ============================

Given=0. Generated=0. Kept=0. proofs=0.
Usable=0. Sos=0. Demods=0. Limbo=0, Disabled=8. Hints=0.
Kept_by_rule=0, Deleted_by_rule=0.
Forward_subsumed=0. Back_subsumed=0.
Sos_limit_deleted=0. Sos_displaced=0. Sos_removed=0.
New_demodulators=0 (0 lex), Back_demodulated=0. Back_unit_deleted=0.
Demod_attempts=0. Demod_rewrites=0.
Res_instance_prunes=0. Para_instance_prunes=0. Basic_paramod_prunes=0.
Nonunit_fsub_feature_tests=0. Nonunit_bsub_feature_tests=0.
Megabytes=0.03.
User_CPU=0.00, System_CPU=0.01, Wall_clock=0.

============================== end of statistics =====================

============================== end of search =========================

SEARCH FAILED

Exiting with failure.

Process 31365 exit (sos_empty) Tue Apr 21 23:58:18 2026
