0 verbose cli /data/data/com.termux/files/usr/bin/node /data/data/com.termux/files/usr/bin/npm
1 info using npm@11.12.1
2 info using node@v24.14.1
3 silly config load:file:/data/data/com.termux/files/usr/lib/node_modules/npm/npmrc
4 silly config load:file:/data/data/com.termux/files/home/.npmrc
5 silly config load:file:/data/data/com.termux/files/usr/etc/npmrc
6 verbose title npm install eslint
7 verbose argv "install" "--global" "eslint"
8 verbose logfile logs-max:10 dir:/data/data/com.termux/files/home/.npm/_logs/2026-04-15T07_54_41_737Z-
9 verbose logfile /data/data/com.termux/files/home/.npm/_logs/2026-04-15T07_54_41_737Z-debug-0.log
10 silly packumentCache heap:1174405120 maxSize:293601280 maxEntrySize:146800640
11 silly logfile start cleaning logs, removing 1 files
12 silly logfile done cleaning log files
13 silly idealTree buildDeps
14 silly fetch manifest eslint@*
15 silly packumentCache full:https://registry.npmjs.org/eslint cache-miss
16 http fetch GET 200 https://registry.npmjs.org/eslint 579ms (cache miss)
17 silly packumentCache full:https://registry.npmjs.org/eslint set size:undefined disposed:false
18 silly placeDep ROOT eslint@10.2.0 OK for:  want: *
19 silly fetch manifest @eslint-community/eslint-utils@^4.8.0
20 silly packumentCache full:https://registry.npmjs.org/@eslint-community%2feslint-utils cache-miss
21 silly fetch manifest @eslint-community/regexpp@^4.12.2
22 silly packumentCache full:https://registry.npmjs.org/@eslint-community%2fregexpp cache-miss
23 silly fetch manifest @eslint/config-array@^0.23.4
24 silly packumentCache full:https://registry.npmjs.org/@eslint%2fconfig-array cache-miss
25 silly fetch manifest @eslint/config-helpers@^0.5.4
26 silly packumentCache full:https://registry.npmjs.org/@eslint%2fconfig-helpers cache-miss
27 silly fetch manifest @eslint/core@^1.2.0
28 silly packumentCache full:https://registry.npmjs.org/@eslint%2fcore cache-miss
29 http fetch GET 200 https://registry.npmjs.org/@eslint-community%2feslint-utils 132ms (cache miss)
30 silly packumentCache full:https://registry.npmjs.org/@eslint-community%2feslint-utils set size:undefined disposed:false
31 silly fetch manifest @eslint/plugin-kit@^0.7.0
32 silly packumentCache full:https://registry.npmjs.org/@eslint%2fplugin-kit cache-miss
33 http fetch GET 200 https://registry.npmjs.org/@eslint%2fplugin-kit 140ms (cache miss)
34 silly packumentCache full:https://registry.npmjs.org/@eslint%2fplugin-kit set size:undefined disposed:false
35 silly fetch manifest @humanfs/node@^0.16.6
36 silly packumentCache full:https://registry.npmjs.org/@humanfs%2fnode cache-miss
37 http fetch GET 200 https://registry.npmjs.org/@eslint%2fconfig-helpers 397ms (cache miss)
38 silly packumentCache full:https://registry.npmjs.org/@eslint%2fconfig-helpers set size:undefined disposed:false
39 silly fetch manifest @humanwhocodes/module-importer@^1.0.1
40 silly packumentCache full:https://registry.npmjs.org/@humanwhocodes%2fmodule-importer cache-miss
41 http fetch GET 200 https://registry.npmjs.org/@eslint%2fcore 400ms (cache miss)
42 silly packumentCache full:https://registry.npmjs.org/@eslint%2fcore set size:undefined disposed:false
43 silly fetch manifest @humanwhocodes/retry@^0.4.2
44 silly packumentCache full:https://registry.npmjs.org/@humanwhocodes%2fretry cache-miss
45 http fetch GET 200 https://registry.npmjs.org/@humanfs%2fnode 134ms (cache miss)
46 silly packumentCache full:https://registry.npmjs.org/@humanfs%2fnode set size:undefined disposed:false
47 silly fetch manifest @types/estree@^1.0.6
48 silly packumentCache full:https://registry.npmjs.org/@types%2festree cache-miss
49 http fetch GET 200 https://registry.npmjs.org/@eslint%2fconfig-array 419ms (cache miss)
50 silly packumentCache full:https://registry.npmjs.org/@eslint%2fconfig-array set size:undefined disposed:false
51 silly fetch manifest ajv@^6.14.0
52 silly packumentCache full:https://registry.npmjs.org/ajv cache-miss
53 http fetch GET 200 https://registry.npmjs.org/@eslint-community%2fregexpp 424ms (cache miss)
54 silly packumentCache full:https://registry.npmjs.org/@eslint-community%2fregexpp set size:undefined disposed:false
55 silly fetch manifest cross-spawn@^7.0.6
56 silly packumentCache full:https://registry.npmjs.org/cross-spawn cache-miss
57 http fetch GET 200 https://registry.npmjs.org/cross-spawn 109ms (cache miss)
58 silly packumentCache full:https://registry.npmjs.org/cross-spawn set size:undefined disposed:false
59 silly fetch manifest debug@^4.3.2
60 silly packumentCache full:https://registry.npmjs.org/debug cache-miss
61 http fetch GET 200 https://registry.npmjs.org/@humanwhocodes%2fretry 165ms (cache miss)
62 silly packumentCache full:https://registry.npmjs.org/@humanwhocodes%2fretry set size:undefined disposed:false
63 silly fetch manifest escape-string-regexp@^4.0.0
64 silly packumentCache full:https://registry.npmjs.org/escape-string-regexp cache-miss
65 http fetch GET 200 https://registry.npmjs.org/@types%2festree 171ms (cache miss)
66 silly packumentCache full:https://registry.npmjs.org/@types%2festree set size:undefined disposed:false
67 silly fetch manifest eslint-scope@^9.1.2
68 silly packumentCache full:https://registry.npmjs.org/eslint-scope cache-miss
69 http fetch GET 200 https://registry.npmjs.org/@humanwhocodes%2fmodule-importer 193ms (cache miss)
70 silly packumentCache full:https://registry.npmjs.org/@humanwhocodes%2fmodule-importer set size:undefined disposed:false
71 silly fetch manifest eslint-visitor-keys@^5.0.1
72 silly packumentCache full:https://registry.npmjs.org/eslint-visitor-keys cache-miss
73 http fetch GET 200 https://registry.npmjs.org/ajv 311ms (cache miss)
74 silly packumentCache full:https://registry.npmjs.org/ajv set size:undefined disposed:false
75 silly fetch manifest espree@^11.2.0
76 silly packumentCache full:https://registry.npmjs.org/espree cache-miss
77 http fetch GET 200 https://registry.npmjs.org/escape-string-regexp 185ms (cache miss)
78 silly packumentCache full:https://registry.npmjs.org/escape-string-regexp set size:undefined disposed:false
79 silly fetch manifest esquery@^1.7.0
80 silly packumentCache full:https://registry.npmjs.org/esquery cache-miss
81 http fetch GET 200 https://registry.npmjs.org/eslint-scope 176ms (cache miss)
82 silly packumentCache full:https://registry.npmjs.org/eslint-scope set size:undefined disposed:false
83 silly fetch manifest esutils@^2.0.2
84 silly packumentCache full:https://registry.npmjs.org/esutils cache-miss
85 http fetch GET 200 https://registry.npmjs.org/eslint-visitor-keys 177ms (cache miss)
86 silly packumentCache full:https://registry.npmjs.org/eslint-visitor-keys set size:undefined disposed:false
87 silly fetch manifest fast-deep-equal@^3.1.3
88 silly packumentCache full:https://registry.npmjs.org/fast-deep-equal cache-miss
89 http fetch GET 200 https://registry.npmjs.org/debug 237ms (cache miss)
90 silly packumentCache full:https://registry.npmjs.org/debug set size:undefined disposed:false
91 silly fetch manifest file-entry-cache@^8.0.0
92 silly packumentCache full:https://registry.npmjs.org/file-entry-cache cache-miss
93 http fetch GET 200 https://registry.npmjs.org/esquery 112ms (cache miss)
94 silly packumentCache full:https://registry.npmjs.org/esquery set size:undefined disposed:false
95 silly fetch manifest find-up@^5.0.0
96 silly packumentCache full:https://registry.npmjs.org/find-up cache-miss
97 http fetch GET 200 https://registry.npmjs.org/espree 132ms (cache miss)
98 silly packumentCache full:https://registry.npmjs.org/espree set size:undefined disposed:false
99 silly fetch manifest glob-parent@^6.0.2
100 silly packumentCache full:https://registry.npmjs.org/glob-parent cache-miss
101 http fetch GET 200 https://registry.npmjs.org/esutils 125ms (cache miss)
102 silly packumentCache full:https://registry.npmjs.org/esutils set size:undefined disposed:false
103 silly fetch manifest ignore@^5.2.0
104 silly packumentCache full:https://registry.npmjs.org/ignore cache-miss
105 http fetch GET 200 https://registry.npmjs.org/fast-deep-equal 135ms (cache miss)
106 silly packumentCache full:https://registry.npmjs.org/fast-deep-equal set size:undefined disposed:false
107 silly fetch manifest imurmurhash@^0.1.4
108 silly packumentCache full:https://registry.npmjs.org/imurmurhash cache-miss
109 http fetch GET 200 https://registry.npmjs.org/file-entry-cache 134ms (cache miss)
110 silly packumentCache full:https://registry.npmjs.org/file-entry-cache set size:undefined disposed:false
111 silly fetch manifest is-glob@^4.0.0
112 silly packumentCache full:https://registry.npmjs.org/is-glob cache-miss
113 http fetch GET 200 https://registry.npmjs.org/find-up 95ms (cache miss)
114 silly packumentCache full:https://registry.npmjs.org/find-up set size:undefined disposed:false
115 silly fetch manifest json-stable-stringify-without-jsonify@^1.0.1
116 silly packumentCache full:https://registry.npmjs.org/json-stable-stringify-without-jsonify cache-miss
117 http fetch GET 200 https://registry.npmjs.org/glob-parent 109ms (cache miss)
118 silly packumentCache full:https://registry.npmjs.org/glob-parent set size:undefined disposed:false
119 silly fetch manifest minimatch@^10.2.4
120 silly packumentCache full:https://registry.npmjs.org/minimatch cache-miss
121 http fetch GET 200 https://registry.npmjs.org/imurmurhash 153ms (cache miss)
122 silly packumentCache full:https://registry.npmjs.org/imurmurhash set size:undefined disposed:false
123 silly fetch manifest natural-compare@^1.4.0
124 silly packumentCache full:https://registry.npmjs.org/natural-compare cache-miss
125 http fetch GET 200 https://registry.npmjs.org/is-glob 148ms (cache miss)
126 silly packumentCache full:https://registry.npmjs.org/is-glob set size:undefined disposed:false
127 silly fetch manifest optionator@^0.9.3
128 silly packumentCache full:https://registry.npmjs.org/optionator cache-miss
129 http fetch GET 200 https://registry.npmjs.org/ignore 185ms (cache miss)
130 silly packumentCache full:https://registry.npmjs.org/ignore set size:undefined disposed:false
131 http fetch GET 200 https://registry.npmjs.org/json-stable-stringify-without-jsonify 115ms (cache miss)
132 silly packumentCache full:https://registry.npmjs.org/json-stable-stringify-without-jsonify set size:undefined disposed:false
133 http fetch GET 200 https://registry.npmjs.org/minimatch 171ms (cache miss)
134 silly packumentCache full:https://registry.npmjs.org/minimatch set size:undefined disposed:false
135 http fetch GET 200 https://registry.npmjs.org/optionator 120ms (cache miss)
136 silly packumentCache full:https://registry.npmjs.org/optionator set size:undefined disposed:false
137 http fetch GET 200 https://registry.npmjs.org/natural-compare 134ms (cache miss)
138 silly packumentCache full:https://registry.npmjs.org/natural-compare set size:undefined disposed:false
139 silly fetch manifest eslint@^6.0.0 || ^7.0.0 || >=8.0.0
140 silly packumentCache full:https://registry.npmjs.org/eslint cache-miss
141 http cache https://registry.npmjs.org/eslint 25ms (cache hit)
142 silly packumentCache full:https://registry.npmjs.org/eslint set size:1976900 disposed:false
143 silly fetch manifest jiti@*
144 silly packumentCache full:https://registry.npmjs.org/jiti cache-miss
145 http fetch GET 200 https://registry.npmjs.org/jiti 123ms (cache miss)
146 silly packumentCache full:https://registry.npmjs.org/jiti set size:undefined disposed:false
147 silly placeDep node_modules/eslint @eslint-community/eslint-utils@4.9.1 OK for: eslint@10.2.0 want: ^4.8.0
148 silly placeDep node_modules/eslint @eslint-community/regexpp@4.12.2 OK for: eslint@10.2.0 want: ^4.12.2
149 silly placeDep node_modules/eslint @eslint/config-array@0.23.5 OK for: eslint@10.2.0 want: ^0.23.4
150 silly placeDep node_modules/eslint @eslint/config-helpers@0.5.5 OK for: eslint@10.2.0 want: ^0.5.4
151 silly placeDep node_modules/eslint @eslint/core@1.2.1 OK for: eslint@10.2.0 want: ^1.2.0
152 silly placeDep node_modules/eslint @eslint/plugin-kit@0.7.1 OK for: eslint@10.2.0 want: ^0.7.0
153 silly placeDep node_modules/eslint @humanfs/node@0.16.7 OK for: eslint@10.2.0 want: ^0.16.6
154 silly placeDep node_modules/eslint @humanwhocodes/module-importer@1.0.1 OK for: eslint@10.2.0 want: ^1.0.1
155 silly placeDep node_modules/eslint @humanwhocodes/retry@0.4.3 OK for: eslint@10.2.0 want: ^0.4.2
156 silly placeDep node_modules/eslint @types/estree@1.0.8 OK for: eslint@10.2.0 want: ^1.0.6
157 silly placeDep node_modules/eslint ajv@6.14.0 OK for: eslint@10.2.0 want: ^6.14.0
158 silly placeDep node_modules/eslint cross-spawn@7.0.6 OK for: eslint@10.2.0 want: ^7.0.6
159 silly placeDep node_modules/eslint debug@4.4.3 OK for: eslint@10.2.0 want: ^4.3.2
160 silly placeDep node_modules/eslint escape-string-regexp@4.0.0 OK for: eslint@10.2.0 want: ^4.0.0
161 silly placeDep node_modules/eslint eslint-scope@9.1.2 OK for: eslint@10.2.0 want: ^9.1.2
162 silly placeDep node_modules/eslint eslint-visitor-keys@5.0.1 OK for: eslint@10.2.0 want: ^5.0.1
163 silly placeDep node_modules/eslint espree@11.2.0 OK for: eslint@10.2.0 want: ^11.2.0
164 silly placeDep node_modules/eslint esquery@1.7.0 OK for: eslint@10.2.0 want: ^1.7.0
165 silly placeDep node_modules/eslint esutils@2.0.3 OK for: eslint@10.2.0 want: ^2.0.2
166 silly placeDep node_modules/eslint fast-deep-equal@3.1.3 OK for: eslint@10.2.0 want: ^3.1.3
167 silly placeDep node_modules/eslint file-entry-cache@8.0.0 OK for: eslint@10.2.0 want: ^8.0.0
168 silly placeDep node_modules/eslint find-up@5.0.0 OK for: eslint@10.2.0 want: ^5.0.0
169 silly placeDep node_modules/eslint glob-parent@6.0.2 OK for: eslint@10.2.0 want: ^6.0.2
170 silly placeDep node_modules/eslint ignore@5.3.2 OK for: eslint@10.2.0 want: ^5.2.0
171 silly placeDep node_modules/eslint imurmurhash@0.1.4 OK for: eslint@10.2.0 want: ^0.1.4
172 silly placeDep node_modules/eslint is-glob@4.0.3 OK for: eslint@10.2.0 want: ^4.0.0
173 silly placeDep node_modules/eslint json-stable-stringify-without-jsonify@1.0.1 OK for: eslint@10.2.0 want: ^1.0.1
174 silly placeDep node_modules/eslint minimatch@10.2.5 OK for: eslint@10.2.0 want: ^10.2.4
175 silly placeDep node_modules/eslint natural-compare@1.4.0 OK for: eslint@10.2.0 want: ^1.4.0
176 silly placeDep node_modules/eslint optionator@0.9.4 OK for: eslint@10.2.0 want: ^0.9.3
177 silly fetch manifest eslint-visitor-keys@^3.4.3
178 silly packumentCache full:https://registry.npmjs.org/eslint-visitor-keys cache-miss
179 silly fetch manifest @eslint/object-schema@^3.0.5
180 silly packumentCache full:https://registry.npmjs.org/@eslint%2fobject-schema cache-miss
181 silly fetch manifest debug@^4.3.1
182 silly packumentCache full:https://registry.npmjs.org/debug cache-miss
183 silly fetch manifest @eslint/core@^1.2.1
184 silly packumentCache full:https://registry.npmjs.org/@eslint%2fcore cache-miss
185 silly fetch manifest @types/json-schema@^7.0.15
186 silly packumentCache full:https://registry.npmjs.org/@types%2fjson-schema cache-miss
187 http cache https://registry.npmjs.org/debug 16ms (cache hit)
188 silly packumentCache full:https://registry.npmjs.org/debug set size:195840 disposed:false
189 silly fetch manifest levn@^0.4.1
190 silly packumentCache full:https://registry.npmjs.org/levn cache-miss
191 http cache https://registry.npmjs.org/eslint-visitor-keys 27ms (cache hit)
192 silly packumentCache full:https://registry.npmjs.org/eslint-visitor-keys set size:69949 disposed:false
193 silly fetch manifest @humanwhocodes/retry@^0.4.0
194 silly packumentCache full:https://registry.npmjs.org/@humanwhocodes%2fretry cache-miss
195 http cache https://registry.npmjs.org/@eslint%2fcore 30ms (cache hit)
196 silly packumentCache full:https://registry.npmjs.org/@eslint%2fcore set size:58023 disposed:false
197 silly fetch manifest @humanfs/core@^0.19.1
198 silly packumentCache full:https://registry.npmjs.org/@humanfs%2fcore cache-miss
199 http cache https://registry.npmjs.org/@humanwhocodes%2fretry 10ms (cache hit)
200 silly packumentCache full:https://registry.npmjs.org/@humanwhocodes%2fretry set size:42348 disposed:false
201 silly fetch manifest fast-deep-equal@^3.1.1
202 silly packumentCache full:https://registry.npmjs.org/fast-deep-equal cache-miss
203 http cache https://registry.npmjs.org/fast-deep-equal 4ms (cache hit)
204 silly packumentCache full:https://registry.npmjs.org/fast-deep-equal set size:48634 disposed:false
205 silly fetch manifest fast-json-stable-stringify@^2.0.0
206 silly packumentCache full:https://registry.npmjs.org/fast-json-stable-stringify cache-miss
207 http fetch GET 200 https://registry.npmjs.org/levn 124ms (cache miss)
208 silly packumentCache full:https://registry.npmjs.org/levn set size:undefined disposed:false
209 silly fetch manifest json-schema-traverse@^0.4.1
210 silly packumentCache full:https://registry.npmjs.org/json-schema-traverse cache-miss
211 http fetch GET 200 https://registry.npmjs.org/@humanfs%2fcore 118ms (cache miss)
212 silly packumentCache full:https://registry.npmjs.org/@humanfs%2fcore set size:undefined disposed:false
213 silly fetch manifest uri-js@^4.2.2
214 silly packumentCache full:https://registry.npmjs.org/uri-js cache-miss
215 http fetch GET 200 https://registry.npmjs.org/@types%2fjson-schema 152ms (cache miss)
216 silly packumentCache full:https://registry.npmjs.org/@types%2fjson-schema set size:undefined disposed:false
217 silly fetch manifest which@^2.0.1
218 silly packumentCache full:https://registry.npmjs.org/which cache-miss
219 http fetch GET 200 https://registry.npmjs.org/@eslint%2fobject-schema 159ms (cache miss)
220 silly packumentCache full:https://registry.npmjs.org/@eslint%2fobject-schema set size:undefined disposed:false
221 silly fetch manifest path-key@^3.1.0
222 silly packumentCache full:https://registry.npmjs.org/path-key cache-miss
223 http fetch GET 200 https://registry.npmjs.org/fast-json-stable-stringify 120ms (cache miss)
224 silly packumentCache full:https://registry.npmjs.org/fast-json-stable-stringify set size:undefined disposed:false
225 silly fetch manifest shebang-command@^2.0.0
226 silly packumentCache full:https://registry.npmjs.org/shebang-command cache-miss
227 http fetch GET 200 https://registry.npmjs.org/path-key 106ms (cache miss)
228 silly packumentCache full:https://registry.npmjs.org/path-key set size:undefined disposed:false
229 silly fetch manifest ms@^2.1.3
230 silly packumentCache full:https://registry.npmjs.org/ms cache-miss
231 http fetch GET 200 https://registry.npmjs.org/shebang-command 99ms (cache miss)
232 silly packumentCache full:https://registry.npmjs.org/shebang-command set size:undefined disposed:false
233 silly fetch manifest @types/esrecurse@^4.3.1
234 silly packumentCache full:https://registry.npmjs.org/@types%2fesrecurse cache-miss
235 http fetch GET 200 https://registry.npmjs.org/json-schema-traverse 125ms (cache miss)
236 silly packumentCache full:https://registry.npmjs.org/json-schema-traverse set size:undefined disposed:false
237 silly fetch manifest esrecurse@^4.3.0
238 silly packumentCache full:https://registry.npmjs.org/esrecurse cache-miss
239 http fetch GET 200 https://registry.npmjs.org/uri-js 124ms (cache miss)
240 silly packumentCache full:https://registry.npmjs.org/uri-js set size:undefined disposed:false
241 silly fetch manifest estraverse@^5.2.0
242 silly packumentCache full:https://registry.npmjs.org/estraverse cache-miss
243 http fetch GET 200 https://registry.npmjs.org/which 128ms (cache miss)
244 silly packumentCache full:https://registry.npmjs.org/which set size:undefined disposed:false
245 silly fetch manifest acorn@^8.16.0
246 silly packumentCache full:https://registry.npmjs.org/acorn cache-miss
247 http fetch GET 200 https://registry.npmjs.org/esrecurse 116ms (cache miss)
248 silly packumentCache full:https://registry.npmjs.org/esrecurse set size:undefined disposed:false
249 silly fetch manifest acorn-jsx@^5.3.2
250 silly packumentCache full:https://registry.npmjs.org/acorn-jsx cache-miss
251 http fetch GET 200 https://registry.npmjs.org/ms 138ms (cache miss)
252 silly packumentCache full:https://registry.npmjs.org/ms set size:undefined disposed:false
253 silly fetch manifest estraverse@^5.1.0
254 silly packumentCache full:https://registry.npmjs.org/estraverse cache-miss
255 http fetch GET 200 https://registry.npmjs.org/@types%2fesrecurse 149ms (cache miss)
256 silly packumentCache full:https://registry.npmjs.org/@types%2fesrecurse set size:undefined disposed:false
257 silly fetch manifest flat-cache@^4.0.0
258 silly packumentCache full:https://registry.npmjs.org/flat-cache cache-miss
259 http fetch GET 200 https://registry.npmjs.org/estraverse 142ms (cache miss)
260 silly packumentCache full:https://registry.npmjs.org/estraverse set size:undefined disposed:false
261 silly fetch manifest locate-path@^6.0.0
262 silly packumentCache full:https://registry.npmjs.org/locate-path cache-miss
263 http fetch GET 200 https://registry.npmjs.org/acorn 142ms (cache miss)
264 silly packumentCache full:https://registry.npmjs.org/acorn set size:undefined disposed:false
265 silly fetch manifest path-exists@^4.0.0
266 silly packumentCache full:https://registry.npmjs.org/path-exists cache-miss
267 http fetch GET 200 https://registry.npmjs.org/acorn-jsx 102ms (cache miss)
268 silly packumentCache full:https://registry.npmjs.org/acorn-jsx set size:undefined disposed:false
269 silly fetch manifest is-glob@^4.0.3
270 silly packumentCache full:https://registry.npmjs.org/is-glob cache-miss
271 http cache https://registry.npmjs.org/is-glob 16ms (cache hit)
272 silly packumentCache full:https://registry.npmjs.org/is-glob set size:40530 disposed:false
273 silly fetch manifest is-extglob@^2.1.1
274 silly packumentCache full:https://registry.npmjs.org/is-extglob cache-miss
275 http fetch GET 200 https://registry.npmjs.org/estraverse 110ms (cache miss)
276 silly packumentCache full:https://registry.npmjs.org/estraverse set size:undefined disposed:false
277 silly fetch manifest brace-expansion@^5.0.5
278 silly packumentCache full:https://registry.npmjs.org/brace-expansion cache-miss
279 http fetch GET 200 https://registry.npmjs.org/locate-path 106ms (cache miss)
280 silly packumentCache full:https://registry.npmjs.org/locate-path set size:undefined disposed:false
281 silly fetch manifest prelude-ls@^1.2.1
282 silly packumentCache full:https://registry.npmjs.org/prelude-ls cache-miss
283 http fetch GET 200 https://registry.npmjs.org/path-exists 99ms (cache miss)
284 silly packumentCache full:https://registry.npmjs.org/path-exists set size:undefined disposed:false
285 silly fetch manifest deep-is@^0.1.3
286 silly packumentCache full:https://registry.npmjs.org/deep-is cache-miss
287 http fetch GET 200 https://registry.npmjs.org/flat-cache 118ms (cache miss)
288 silly packumentCache full:https://registry.npmjs.org/flat-cache set size:undefined disposed:false
289 silly fetch manifest word-wrap@^1.2.5
290 silly packumentCache full:https://registry.npmjs.org/word-wrap cache-miss
291 http fetch GET 200 https://registry.npmjs.org/is-extglob 114ms (cache miss)
292 silly packumentCache full:https://registry.npmjs.org/is-extglob set size:undefined disposed:false
293 silly fetch manifest type-check@^0.4.0
294 silly packumentCache full:https://registry.npmjs.org/type-check cache-miss
295 http fetch GET 200 https://registry.npmjs.org/brace-expansion 115ms (cache miss)
296 silly packumentCache full:https://registry.npmjs.org/brace-expansion set size:undefined disposed:false
297 silly fetch manifest fast-levenshtein@^2.0.6
298 silly packumentCache full:https://registry.npmjs.org/fast-levenshtein cache-miss
299 http fetch GET 200 https://registry.npmjs.org/prelude-ls 109ms (cache miss)
300 silly packumentCache full:https://registry.npmjs.org/prelude-ls set size:undefined disposed:false
301 http fetch GET 200 https://registry.npmjs.org/deep-is 131ms (cache miss)
302 silly packumentCache full:https://registry.npmjs.org/deep-is set size:undefined disposed:false
303 http fetch GET 200 https://registry.npmjs.org/word-wrap 133ms (cache miss)
304 silly packumentCache full:https://registry.npmjs.org/word-wrap set size:undefined disposed:false
305 http fetch GET 200 https://registry.npmjs.org/fast-levenshtein 94ms (cache miss)
306 silly packumentCache full:https://registry.npmjs.org/fast-levenshtein set size:undefined disposed:false
307 http fetch GET 200 https://registry.npmjs.org/type-check 107ms (cache miss)
308 silly packumentCache full:https://registry.npmjs.org/type-check set size:undefined disposed:false
309 silly placeDep node_modules/eslint/node_modules/@eslint-community/eslint-utils eslint-visitor-keys@3.4.3 OK for: @eslint-community/eslint-utils@4.9.1 want: ^3.4.3
310 silly placeDep node_modules/eslint @eslint/object-schema@3.0.5 OK for: @eslint/config-array@0.23.5 want: ^3.0.5
311 silly placeDep node_modules/eslint @types/json-schema@7.0.15 OK for: @eslint/core@1.2.1 want: ^7.0.15
312 silly placeDep node_modules/eslint levn@0.4.1 OK for: @eslint/plugin-kit@0.7.1 want: ^0.4.1
313 silly fetch manifest type-check@~0.4.0
314 silly packumentCache full:https://registry.npmjs.org/type-check cache-miss
315 http cache https://registry.npmjs.org/type-check 6ms (cache hit)
316 silly packumentCache full:https://registry.npmjs.org/type-check set size:21221 disposed:false
317 silly placeDep node_modules/eslint @humanfs/core@0.19.1 OK for: @humanfs/node@0.16.7 want: ^0.19.1
318 silly placeDep node_modules/eslint fast-json-stable-stringify@2.1.0 OK for: ajv@6.14.0 want: ^2.0.0
319 silly placeDep node_modules/eslint json-schema-traverse@0.4.1 OK for: ajv@6.14.0 want: ^0.4.1
320 silly placeDep node_modules/eslint uri-js@4.4.1 OK for: ajv@6.14.0 want: ^4.2.2
321 silly fetch manifest punycode@^2.1.0
322 silly packumentCache full:https://registry.npmjs.org/punycode cache-miss
323 http fetch GET 200 https://registry.npmjs.org/punycode 120ms (cache miss)
324 silly packumentCache full:https://registry.npmjs.org/punycode set size:undefined disposed:false
325 silly placeDep node_modules/eslint path-key@3.1.1 OK for: cross-spawn@7.0.6 want: ^3.1.0
326 silly placeDep node_modules/eslint shebang-command@2.0.0 OK for: cross-spawn@7.0.6 want: ^2.0.0
327 silly placeDep node_modules/eslint which@2.0.2 OK for: cross-spawn@7.0.6 want: ^2.0.1
328 silly fetch manifest shebang-regex@^3.0.0
329 silly packumentCache full:https://registry.npmjs.org/shebang-regex cache-miss
330 silly fetch manifest isexe@^2.0.0
331 silly packumentCache full:https://registry.npmjs.org/isexe cache-miss
332 http fetch GET 200 https://registry.npmjs.org/shebang-regex 125ms (cache miss)
333 silly packumentCache full:https://registry.npmjs.org/shebang-regex set size:undefined disposed:false
334 http fetch GET 200 https://registry.npmjs.org/isexe 143ms (cache miss)
335 silly packumentCache full:https://registry.npmjs.org/isexe set size:undefined disposed:false
336 silly placeDep node_modules/eslint ms@2.1.3 OK for: debug@4.4.3 want: ^2.1.3
337 silly placeDep node_modules/eslint @types/esrecurse@4.3.1 OK for: eslint-scope@9.1.2 want: ^4.3.1
338 silly placeDep node_modules/eslint esrecurse@4.3.0 OK for: eslint-scope@9.1.2 want: ^4.3.0
339 silly placeDep node_modules/eslint estraverse@5.3.0 OK for: eslint-scope@9.1.2 want: ^5.2.0
340 silly placeDep node_modules/eslint acorn@8.16.0 OK for: espree@11.2.0 want: ^8.16.0
341 silly placeDep node_modules/eslint acorn-jsx@5.3.2 OK for: espree@11.2.0 want: ^5.3.2
342 silly placeDep node_modules/eslint flat-cache@4.0.1 OK for: file-entry-cache@8.0.0 want: ^4.0.0
343 silly fetch manifest keyv@^4.5.4
344 silly packumentCache full:https://registry.npmjs.org/keyv cache-miss
345 silly fetch manifest flatted@^3.2.9
346 silly packumentCache full:https://registry.npmjs.org/flatted cache-miss
347 http fetch GET 200 https://registry.npmjs.org/flatted 114ms (cache miss)
348 silly packumentCache full:https://registry.npmjs.org/flatted set size:undefined disposed:false
349 http fetch GET 200 https://registry.npmjs.org/keyv 122ms (cache miss)
350 silly packumentCache full:https://registry.npmjs.org/keyv set size:undefined disposed:false
351 silly placeDep node_modules/eslint locate-path@6.0.0 OK for: find-up@5.0.0 want: ^6.0.0
352 silly placeDep node_modules/eslint path-exists@4.0.0 OK for: find-up@5.0.0 want: ^4.0.0
353 silly fetch manifest p-locate@^5.0.0
354 silly packumentCache full:https://registry.npmjs.org/p-locate cache-miss
355 http fetch GET 200 https://registry.npmjs.org/p-locate 99ms (cache miss)
356 silly packumentCache full:https://registry.npmjs.org/p-locate set size:undefined disposed:false
357 silly placeDep node_modules/eslint flatted@3.4.2 OK for: flat-cache@4.0.1 want: ^3.2.9
358 silly placeDep node_modules/eslint keyv@4.5.4 OK for: flat-cache@4.0.1 want: ^4.5.4
359 silly fetch manifest json-buffer@3.0.1
360 silly packumentCache full:https://registry.npmjs.org/json-buffer cache-miss
361 http fetch GET 200 https://registry.npmjs.org/json-buffer 127ms (cache miss)
362 silly packumentCache full:https://registry.npmjs.org/json-buffer set size:undefined disposed:false
363 silly placeDep node_modules/eslint is-extglob@2.1.1 OK for: is-glob@4.0.3 want: ^2.1.1
364 silly placeDep node_modules/eslint json-buffer@3.0.1 OK for: keyv@4.5.4 want: 3.0.1
365 silly placeDep node_modules/eslint prelude-ls@1.2.1 OK for: levn@0.4.1 want: ^1.2.1
366 silly placeDep node_modules/eslint type-check@0.4.0 OK for: levn@0.4.1 want: ~0.4.0
367 silly placeDep node_modules/eslint p-locate@5.0.0 OK for: locate-path@6.0.0 want: ^5.0.0
368 silly fetch manifest p-limit@^3.0.2
369 silly packumentCache full:https://registry.npmjs.org/p-limit cache-miss
370 http fetch GET 200 https://registry.npmjs.org/p-limit 120ms (cache miss)
371 silly packumentCache full:https://registry.npmjs.org/p-limit set size:undefined disposed:false
372 silly placeDep node_modules/eslint brace-expansion@5.0.5 OK for: minimatch@10.2.5 want: ^5.0.5
373 silly fetch manifest balanced-match@^4.0.2
374 silly packumentCache full:https://registry.npmjs.org/balanced-match cache-miss
375 http fetch GET 200 https://registry.npmjs.org/balanced-match 99ms (cache miss)
376 silly packumentCache full:https://registry.npmjs.org/balanced-match set size:undefined disposed:false
377 silly placeDep node_modules/eslint balanced-match@4.0.4 OK for: brace-expansion@5.0.5 want: ^4.0.2
378 silly placeDep node_modules/eslint deep-is@0.1.4 OK for: optionator@0.9.4 want: ^0.1.3
379 silly placeDep node_modules/eslint fast-levenshtein@2.0.6 OK for: optionator@0.9.4 want: ^2.0.6
380 silly placeDep node_modules/eslint word-wrap@1.2.5 OK for: optionator@0.9.4 want: ^1.2.5
381 silly placeDep node_modules/eslint p-limit@3.1.0 OK for: p-locate@5.0.0 want: ^3.0.2
382 silly fetch manifest yocto-queue@^0.1.0
383 silly packumentCache full:https://registry.npmjs.org/yocto-queue cache-miss
384 http fetch GET 200 https://registry.npmjs.org/yocto-queue 99ms (cache miss)
385 silly packumentCache full:https://registry.npmjs.org/yocto-queue set size:undefined disposed:false
386 silly placeDep node_modules/eslint yocto-queue@0.1.0 OK for: p-limit@3.1.0 want: ^0.1.0
387 silly placeDep node_modules/eslint shebang-regex@3.0.0 OK for: shebang-command@2.0.0 want: ^3.0.0
388 silly placeDep node_modules/eslint punycode@2.3.1 OK for: uri-js@4.4.1 want: ^2.1.0
389 silly placeDep node_modules/eslint isexe@2.0.0 OK for: which@2.0.2 want: ^2.0.0
390 silly reify mark retired [
390 silly reify   '/data/data/com.termux/files/usr/lib/node_modules/eslint',
390 silly reify   '/data/data/com.termux/files/usr/bin/eslint'
390 silly reify ]
391 silly reify moves {
391 silly reify   '/data/data/com.termux/files/usr/lib/node_modules/eslint': '/data/data/com.termux/files/usr/lib/node_modules/.eslint-fr4U3ZzX',
391 silly reify   '/data/data/com.termux/files/usr/bin/eslint': '/data/data/com.termux/files/usr/bin/.eslint-SBNmYN3h'
391 silly reify }
392 http cache eslint@https://registry.npmjs.org/eslint/-/eslint-10.2.0.tgz 0ms (cache hit)
393 http cache @types/json-schema@https://registry.npmjs.org/@types/json-schema/-/json-schema-7.0.15.tgz 0ms (cache hit)
394 http cache @humanwhocodes/retry@https://registry.npmjs.org/@humanwhocodes/retry/-/retry-0.4.3.tgz 0ms (cache hit)
395 http cache @types/estree@https://registry.npmjs.org/@types/estree/-/estree-1.0.8.tgz 0ms (cache hit)
396 http cache @types/esrecurse@https://registry.npmjs.org/@types/esrecurse/-/esrecurse-4.3.1.tgz 0ms (cache hit)
397 http cache @humanfs/node@https://registry.npmjs.org/@humanfs/node/-/node-0.16.7.tgz 0ms (cache hit)
398 http cache @eslint-community/eslint-utils@https://registry.npmjs.org/@eslint-community/eslint-utils/-/eslint-utils-4.9.1.tgz 0ms (cache hit)
399 http cache @humanfs/core@https://registry.npmjs.org/@humanfs/core/-/core-0.19.1.tgz 0ms (cache hit)
400 http cache eslint-visitor-keys@https://registry.npmjs.org/eslint-visitor-keys/-/eslint-visitor-keys-3.4.3.tgz 0ms (cache hit)
401 http cache @eslint/object-schema@https://registry.npmjs.org/@eslint/object-schema/-/object-schema-3.0.5.tgz 0ms (cache hit)
402 http cache @eslint-community/regexpp@https://registry.npmjs.org/@eslint-community/regexpp/-/regexpp-4.12.2.tgz 0ms (cache hit)
403 http cache @eslint/core@https://registry.npmjs.org/@eslint/core/-/core-1.2.1.tgz 0ms (cache hit)
404 http cache @humanwhocodes/module-importer@https://registry.npmjs.org/@humanwhocodes/module-importer/-/module-importer-1.0.1.tgz 0ms (cache hit)
405 http cache @eslint/config-array@https://registry.npmjs.org/@eslint/config-array/-/config-array-0.23.5.tgz 0ms (cache hit)
406 http cache word-wrap@https://registry.npmjs.org/word-wrap/-/word-wrap-1.2.5.tgz 0ms (cache hit)
407 http cache @eslint/plugin-kit@https://registry.npmjs.org/@eslint/plugin-kit/-/plugin-kit-0.7.1.tgz 0ms (cache hit)
408 http cache which@https://registry.npmjs.org/which/-/which-2.0.2.tgz 0ms (cache hit)
409 http cache type-check@https://registry.npmjs.org/type-check/-/type-check-0.4.0.tgz 0ms (cache hit)
410 http cache yocto-queue@https://registry.npmjs.org/yocto-queue/-/yocto-queue-0.1.0.tgz 0ms (cache hit)
411 http cache shebang-regex@https://registry.npmjs.org/shebang-regex/-/shebang-regex-3.0.0.tgz 0ms (cache hit)
412 http cache @eslint/config-helpers@https://registry.npmjs.org/@eslint/config-helpers/-/config-helpers-0.5.5.tgz 0ms (cache hit)
413 http cache punycode@https://registry.npmjs.org/punycode/-/punycode-2.3.1.tgz 0ms (cache hit)
414 http cache path-key@https://registry.npmjs.org/path-key/-/path-key-3.1.1.tgz 0ms (cache hit)
415 http cache uri-js@https://registry.npmjs.org/uri-js/-/uri-js-4.4.1.tgz 0ms (cache hit)
416 http cache path-exists@https://registry.npmjs.org/path-exists/-/path-exists-4.0.0.tgz 0ms (cache hit)
417 http cache p-limit@https://registry.npmjs.org/p-limit/-/p-limit-3.1.0.tgz 0ms (cache hit)
418 http cache optionator@https://registry.npmjs.org/optionator/-/optionator-0.9.4.tgz 0ms (cache hit)
419 http cache shebang-command@https://registry.npmjs.org/shebang-command/-/shebang-command-2.0.0.tgz 0ms (cache hit)
420 http cache natural-compare@https://registry.npmjs.org/natural-compare/-/natural-compare-1.4.0.tgz 0ms (cache hit)
421 http cache prelude-ls@https://registry.npmjs.org/prelude-ls/-/prelude-ls-1.2.1.tgz 0ms (cache hit)
422 http cache minimatch@https://registry.npmjs.org/minimatch/-/minimatch-10.2.5.tgz 0ms (cache hit)
423 http cache p-locate@https://registry.npmjs.org/p-locate/-/p-locate-5.0.0.tgz 0ms (cache hit)
424 http cache levn@https://registry.npmjs.org/levn/-/levn-0.4.1.tgz 0ms (cache hit)
425 http cache json-stable-stringify-without-jsonify@https://registry.npmjs.org/json-stable-stringify-without-jsonify/-/json-stable-stringify-without-jsonify-1.0.1.tgz 0ms (cache hit)
426 http cache json-schema-traverse@https://registry.npmjs.org/json-schema-traverse/-/json-schema-traverse-0.4.1.tgz 0ms (cache hit)
427 http cache ms@https://registry.npmjs.org/ms/-/ms-2.1.3.tgz 0ms (cache hit)
428 http cache json-buffer@https://registry.npmjs.org/json-buffer/-/json-buffer-3.0.1.tgz 0ms (cache hit)
429 http cache locate-path@https://registry.npmjs.org/locate-path/-/locate-path-6.0.0.tgz 0ms (cache hit)
430 http cache is-glob@https://registry.npmjs.org/is-glob/-/is-glob-4.0.3.tgz 1ms (cache hit)
431 http cache imurmurhash@https://registry.npmjs.org/imurmurhash/-/imurmurhash-0.1.4.tgz 0ms (cache hit)
432 http cache keyv@https://registry.npmjs.org/keyv/-/keyv-4.5.4.tgz 0ms (cache hit)
433 http cache ignore@https://registry.npmjs.org/ignore/-/ignore-5.3.2.tgz 0ms (cache hit)
434 http cache flatted@https://registry.npmjs.org/flatted/-/flatted-3.4.2.tgz 0ms (cache hit)
435 http cache flat-cache@https://registry.npmjs.org/flat-cache/-/flat-cache-4.0.1.tgz 0ms (cache hit)
436 http cache isexe@https://registry.npmjs.org/isexe/-/isexe-2.0.0.tgz 0ms (cache hit)
437 http cache find-up@https://registry.npmjs.org/find-up/-/find-up-5.0.0.tgz 0ms (cache hit)
438 http cache is-extglob@https://registry.npmjs.org/is-extglob/-/is-extglob-2.1.1.tgz 0ms (cache hit)
439 http cache fast-levenshtein@https://registry.npmjs.org/fast-levenshtein/-/fast-levenshtein-2.0.6.tgz 0ms (cache hit)
440 http cache glob-parent@https://registry.npmjs.org/glob-parent/-/glob-parent-6.0.2.tgz 0ms (cache hit)
441 http cache fast-deep-equal@https://registry.npmjs.org/fast-deep-equal/-/fast-deep-equal-3.1.3.tgz 0ms (cache hit)
442 http cache estraverse@https://registry.npmjs.org/estraverse/-/estraverse-5.3.0.tgz 0ms (cache hit)
443 http cache esrecurse@https://registry.npmjs.org/esrecurse/-/esrecurse-4.3.0.tgz 0ms (cache hit)
444 http cache file-entry-cache@https://registry.npmjs.org/file-entry-cache/-/file-entry-cache-8.0.0.tgz 0ms (cache hit)
445 http cache esquery@https://registry.npmjs.org/esquery/-/esquery-1.7.0.tgz 0ms (cache hit)
446 http cache fast-json-stable-stringify@https://registry.npmjs.org/fast-json-stable-stringify/-/fast-json-stable-stringify-2.1.0.tgz 0ms (cache hit)
447 http cache eslint-visitor-keys@https://registry.npmjs.org/eslint-visitor-keys/-/eslint-visitor-keys-5.0.1.tgz 0ms (cache hit)
448 http cache escape-string-regexp@https://registry.npmjs.org/escape-string-regexp/-/escape-string-regexp-4.0.0.tgz 0ms (cache hit)
449 http cache esutils@https://registry.npmjs.org/esutils/-/esutils-2.0.3.tgz 0ms (cache hit)
450 http cache deep-is@https://registry.npmjs.org/deep-is/-/deep-is-0.1.4.tgz 0ms (cache hit)
451 http cache cross-spawn@https://registry.npmjs.org/cross-spawn/-/cross-spawn-7.0.6.tgz 0ms (cache hit)
452 http cache brace-expansion@https://registry.npmjs.org/brace-expansion/-/brace-expansion-5.0.5.tgz 0ms (cache hit)
453 http cache espree@https://registry.npmjs.org/espree/-/espree-11.2.0.tgz 0ms (cache hit)
454 http cache balanced-match@https://registry.npmjs.org/balanced-match/-/balanced-match-4.0.4.tgz 0ms (cache hit)
455 http cache eslint-scope@https://registry.npmjs.org/eslint-scope/-/eslint-scope-9.1.2.tgz 0ms (cache hit)
456 http cache acorn-jsx@https://registry.npmjs.org/acorn-jsx/-/acorn-jsx-5.3.2.tgz 0ms (cache hit)
457 http cache debug@https://registry.npmjs.org/debug/-/debug-4.4.3.tgz 0ms (cache hit)
458 http cache ajv@https://registry.npmjs.org/ajv/-/ajv-6.14.0.tgz 0ms (cache hit)
459 http cache acorn@https://registry.npmjs.org/acorn/-/acorn-8.16.0.tgz 0ms (cache hit)
460 silly tarball no local data for eslint@https://registry.npmjs.org/eslint/-/eslint-10.2.0.tgz. Extracting by manifest.
461 silly tarball no local data for @types/json-schema@https://registry.npmjs.org/@types/json-schema/-/json-schema-7.0.15.tgz. Extracting by manifest.
462 silly tarball no local data for @humanwhocodes/retry@https://registry.npmjs.org/@humanwhocodes/retry/-/retry-0.4.3.tgz. Extracting by manifest.
463 silly tarball no local data for @types/estree@https://registry.npmjs.org/@types/estree/-/estree-1.0.8.tgz. Extracting by manifest.
464 silly tarball no local data for @types/esrecurse@https://registry.npmjs.org/@types/esrecurse/-/esrecurse-4.3.1.tgz. Extracting by manifest.
465 silly tarball no local data for @humanfs/node@https://registry.npmjs.org/@humanfs/node/-/node-0.16.7.tgz. Extracting by manifest.
466 silly tarball no local data for @eslint-community/eslint-utils@https://registry.npmjs.org/@eslint-community/eslint-utils/-/eslint-utils-4.9.1.tgz. Extracting by manifest.
467 silly tarball no local data for @humanfs/core@https://registry.npmjs.org/@humanfs/core/-/core-0.19.1.tgz. Extracting by manifest.
468 silly tarball no local data for eslint-visitor-keys@https://registry.npmjs.org/eslint-visitor-keys/-/eslint-visitor-keys-3.4.3.tgz. Extracting by manifest.
469 silly tarball no local data for @eslint/object-schema@https://registry.npmjs.org/@eslint/object-schema/-/object-schema-3.0.5.tgz. Extracting by manifest.
470 silly tarball no local data for @eslint-community/regexpp@https://registry.npmjs.org/@eslint-community/regexpp/-/regexpp-4.12.2.tgz. Extracting by manifest.
471 silly tarball no local data for @eslint/core@https://registry.npmjs.org/@eslint/core/-/core-1.2.1.tgz. Extracting by manifest.
472 silly tarball no local data for @humanwhocodes/module-importer@https://registry.npmjs.org/@humanwhocodes/module-importer/-/module-importer-1.0.1.tgz. Extracting by manifest.
473 silly tarball no local data for @eslint/config-array@https://registry.npmjs.org/@eslint/config-array/-/config-array-0.23.5.tgz. Extracting by manifest.
474 silly tarball no local data for word-wrap@https://registry.npmjs.org/word-wrap/-/word-wrap-1.2.5.tgz. Extracting by manifest.
475 silly tarball no local data for @eslint/plugin-kit@https://registry.npmjs.org/@eslint/plugin-kit/-/plugin-kit-0.7.1.tgz. Extracting by manifest.
476 silly tarball no local data for which@https://registry.npmjs.org/which/-/which-2.0.2.tgz. Extracting by manifest.
477 silly tarball no local data for type-check@https://registry.npmjs.org/type-check/-/type-check-0.4.0.tgz. Extracting by manifest.
478 silly tarball no local data for yocto-queue@https://registry.npmjs.org/yocto-queue/-/yocto-queue-0.1.0.tgz. Extracting by manifest.
479 silly tarball no local data for shebang-regex@https://registry.npmjs.org/shebang-regex/-/shebang-regex-3.0.0.tgz. Extracting by manifest.
480 silly tarball no local data for @eslint/config-helpers@https://registry.npmjs.org/@eslint/config-helpers/-/config-helpers-0.5.5.tgz. Extracting by manifest.
481 silly tarball no local data for punycode@https://registry.npmjs.org/punycode/-/punycode-2.3.1.tgz. Extracting by manifest.
482 silly tarball no local data for path-key@https://registry.npmjs.org/path-key/-/path-key-3.1.1.tgz. Extracting by manifest.
483 silly tarball no local data for uri-js@https://registry.npmjs.org/uri-js/-/uri-js-4.4.1.tgz. Extracting by manifest.
484 silly tarball no local data for path-exists@https://registry.npmjs.org/path-exists/-/path-exists-4.0.0.tgz. Extracting by manifest.
485 silly tarball no local data for p-limit@https://registry.npmjs.org/p-limit/-/p-limit-3.1.0.tgz. Extracting by manifest.
486 silly tarball no local data for optionator@https://registry.npmjs.org/optionator/-/optionator-0.9.4.tgz. Extracting by manifest.
487 silly tarball no local data for shebang-command@https://registry.npmjs.org/shebang-command/-/shebang-command-2.0.0.tgz. Extracting by manifest.
488 silly tarball no local data for natural-compare@https://registry.npmjs.org/natural-compare/-/natural-compare-1.4.0.tgz. Extracting by manifest.
489 silly tarball no local data for prelude-ls@https://registry.npmjs.org/prelude-ls/-/prelude-ls-1.2.1.tgz. Extracting by manifest.
490 silly tarball no local data for minimatch@https://registry.npmjs.org/minimatch/-/minimatch-10.2.5.tgz. Extracting by manifest.
491 silly tarball no local data for p-locate@https://registry.npmjs.org/p-locate/-/p-locate-5.0.0.tgz. Extracting by manifest.
492 silly tarball no local data for levn@https://registry.npmjs.org/levn/-/levn-0.4.1.tgz. Extracting by manifest.
493 silly tarball no local data for json-stable-stringify-without-jsonify@https://registry.npmjs.org/json-stable-stringify-without-jsonify/-/json-stable-stringify-without-jsonify-1.0.1.tgz. Extracting by manifest.
494 silly tarball no local data for json-schema-traverse@https://registry.npmjs.org/json-schema-traverse/-/json-schema-traverse-0.4.1.tgz. Extracting by manifest.
495 silly tarball no local data for ms@https://registry.npmjs.org/ms/-/ms-2.1.3.tgz. Extracting by manifest.
496 silly tarball no local data for json-buffer@https://registry.npmjs.org/json-buffer/-/json-buffer-3.0.1.tgz. Extracting by manifest.
497 silly tarball no local data for locate-path@https://registry.npmjs.org/locate-path/-/locate-path-6.0.0.tgz. Extracting by manifest.
498 silly tarball no local data for is-glob@https://registry.npmjs.org/is-glob/-/is-glob-4.0.3.tgz. Extracting by manifest.
499 silly tarball no local data for imurmurhash@https://registry.npmjs.org/imurmurhash/-/imurmurhash-0.1.4.tgz. Extracting by manifest.
500 silly tarball no local data for keyv@https://registry.npmjs.org/keyv/-/keyv-4.5.4.tgz. Extracting by manifest.
501 silly tarball no local data for ignore@https://registry.npmjs.org/ignore/-/ignore-5.3.2.tgz. Extracting by manifest.
502 silly tarball no local data for flatted@https://registry.npmjs.org/flatted/-/flatted-3.4.2.tgz. Extracting by manifest.
503 silly tarball no local data for flat-cache@https://registry.npmjs.org/flat-cache/-/flat-cache-4.0.1.tgz. Extracting by manifest.
504 silly tarball no local data for isexe@https://registry.npmjs.org/isexe/-/isexe-2.0.0.tgz. Extracting by manifest.
505 silly tarball no local data for find-up@https://registry.npmjs.org/find-up/-/find-up-5.0.0.tgz. Extracting by manifest.
506 silly tarball no local data for is-extglob@https://registry.npmjs.org/is-extglob/-/is-extglob-2.1.1.tgz. Extracting by manifest.
507 silly tarball no local data for fast-levenshtein@https://registry.npmjs.org/fast-levenshtein/-/fast-levenshtein-2.0.6.tgz. Extracting by manifest.
508 silly tarball no local data for glob-parent@https://registry.npmjs.org/glob-parent/-/glob-parent-6.0.2.tgz. Extracting by manifest.
509 silly tarball no local data for fast-deep-equal@https://registry.npmjs.org/fast-deep-equal/-/fast-deep-equal-3.1.3.tgz. Extracting by manifest.
510 silly tarball no local data for estraverse@https://registry.npmjs.org/estraverse/-/estraverse-5.3.0.tgz. Extracting by manifest.
511 silly tarball no local data for esrecurse@https://registry.npmjs.org/esrecurse/-/esrecurse-4.3.0.tgz. Extracting by manifest.
512 silly tarball no local data for file-entry-cache@https://registry.npmjs.org/file-entry-cache/-/file-entry-cache-8.0.0.tgz. Extracting by manifest.
513 silly tarball no local data for esquery@https://registry.npmjs.org/esquery/-/esquery-1.7.0.tgz. Extracting by manifest.
514 silly tarball no local data for fast-json-stable-stringify@https://registry.npmjs.org/fast-json-stable-stringify/-/fast-json-stable-stringify-2.1.0.tgz. Extracting by manifest.
515 silly tarball no local data for eslint-visitor-keys@https://registry.npmjs.org/eslint-visitor-keys/-/eslint-visitor-keys-5.0.1.tgz. Extracting by manifest.
516 silly tarball no local data for escape-string-regexp@https://registry.npmjs.org/escape-string-regexp/-/escape-string-regexp-4.0.0.tgz. Extracting by manifest.
517 silly tarball no local data for esutils@https://registry.npmjs.org/esutils/-/esutils-2.0.3.tgz. Extracting by manifest.
518 silly tarball no local data for deep-is@https://registry.npmjs.org/deep-is/-/deep-is-0.1.4.tgz. Extracting by manifest.
519 silly tarball no local data for cross-spawn@https://registry.npmjs.org/cross-spawn/-/cross-spawn-7.0.6.tgz. Extracting by manifest.
520 silly tarball no local data for brace-expansion@https://registry.npmjs.org/brace-expansion/-/brace-expansion-5.0.5.tgz. Extracting by manifest.
521 silly tarball no local data for espree@https://registry.npmjs.org/espree/-/espree-11.2.0.tgz. Extracting by manifest.
522 silly tarball no local data for balanced-match@https://registry.npmjs.org/balanced-match/-/balanced-match-4.0.4.tgz. Extracting by manifest.
523 silly tarball no local data for eslint-scope@https://registry.npmjs.org/eslint-scope/-/eslint-scope-9.1.2.tgz. Extracting by manifest.
524 silly tarball no local data for acorn-jsx@https://registry.npmjs.org/acorn-jsx/-/acorn-jsx-5.3.2.tgz. Extracting by manifest.
525 silly tarball no local data for debug@https://registry.npmjs.org/debug/-/debug-4.4.3.tgz. Extracting by manifest.
526 silly tarball no local data for ajv@https://registry.npmjs.org/ajv/-/ajv-6.14.0.tgz. Extracting by manifest.
527 silly tarball no local data for acorn@https://registry.npmjs.org/acorn/-/acorn-8.16.0.tgz. Extracting by manifest.
528 http fetch GET 200 https://registry.npmjs.org/@types/esrecurse/-/esrecurse-4.3.1.tgz 255ms (cache miss)
529 http fetch GET 200 https://registry.npmjs.org/@types/json-schema/-/json-schema-7.0.15.tgz 264ms (cache miss)
530 http fetch GET 200 https://registry.npmjs.org/@humanwhocodes/retry/-/retry-0.4.3.tgz 263ms (cache miss)
531 http fetch GET 200 https://registry.npmjs.org/@types/estree/-/estree-1.0.8.tgz 262ms (cache miss)
532 http fetch GET 200 https://registry.npmjs.org/which/-/which-2.0.2.tgz 294ms (cache miss)
533 http fetch GET 200 https://registry.npmjs.org/type-check/-/type-check-0.4.0.tgz 306ms (cache miss)
534 http fetch GET 200 https://registry.npmjs.org/yocto-queue/-/yocto-queue-0.1.0.tgz 306ms (cache miss)
535 http fetch GET 200 https://registry.npmjs.org/@eslint/plugin-kit/-/plugin-kit-0.7.1.tgz 338ms (cache miss)
536 http fetch GET 200 https://registry.npmjs.org/shebang-regex/-/shebang-regex-3.0.0.tgz 361ms (cache miss)
537 http fetch GET 200 https://registry.npmjs.org/path-key/-/path-key-3.1.1.tgz 390ms (cache miss)
538 http fetch GET 200 https://registry.npmjs.org/punycode/-/punycode-2.3.1.tgz 533ms (cache miss)
539 http fetch GET 200 https://registry.npmjs.org/word-wrap/-/word-wrap-1.2.5.tgz 550ms (cache miss)
540 http fetch GET 200 https://registry.npmjs.org/eslint-visitor-keys/-/eslint-visitor-keys-3.4.3.tgz 622ms (cache miss)
541 http fetch GET 200 https://registry.npmjs.org/path-exists/-/path-exists-4.0.0.tgz 609ms (cache miss)
542 http fetch GET 200 https://registry.npmjs.org/p-limit/-/p-limit-3.1.0.tgz 655ms (cache miss)
543 http fetch GET 200 https://registry.npmjs.org/@humanfs/node/-/node-0.16.7.tgz 720ms (cache miss)
544 http fetch GET 200 https://registry.npmjs.org/shebang-command/-/shebang-command-2.0.0.tgz 698ms (cache miss)
545 http fetch GET 200 https://registry.npmjs.org/@humanwhocodes/module-importer/-/module-importer-1.0.1.tgz 770ms (cache miss)
546 http fetch GET 200 https://registry.npmjs.org/p-locate/-/p-locate-5.0.0.tgz 779ms (cache miss)
547 http fetch GET 200 https://registry.npmjs.org/levn/-/levn-0.4.1.tgz 810ms (cache miss)
548 http fetch GET 200 https://registry.npmjs.org/natural-compare/-/natural-compare-1.4.0.tgz 826ms (cache miss)
549 http fetch GET 200 https://registry.npmjs.org/@eslint/config-helpers/-/config-helpers-0.5.5.tgz 856ms (cache miss)
550 http fetch GET 200 https://registry.npmjs.org/json-buffer/-/json-buffer-3.0.1.tgz 844ms (cache miss)
551 http fetch GET 200 https://registry.npmjs.org/keyv/-/keyv-4.5.4.tgz 841ms (cache miss)
552 http fetch GET 200 https://registry.npmjs.org/locate-path/-/locate-path-6.0.0.tgz 857ms (cache miss)
553 http fetch GET 200 https://registry.npmjs.org/ms/-/ms-2.1.3.tgz 860ms (cache miss)
554 http fetch GET 200 https://registry.npmjs.org/imurmurhash/-/imurmurhash-0.1.4.tgz 856ms (cache miss)
555 http fetch GET 200 https://registry.npmjs.org/is-glob/-/is-glob-4.0.3.tgz 868ms (cache miss)
556 http fetch GET 200 https://registry.npmjs.org/json-schema-traverse/-/json-schema-traverse-0.4.1.tgz 880ms (cache miss)
557 http fetch GET 200 https://registry.npmjs.org/isexe/-/isexe-2.0.0.tgz 871ms (cache miss)
558 http fetch GET 200 https://registry.npmjs.org/find-up/-/find-up-5.0.0.tgz 871ms (cache miss)
559 http fetch GET 200 https://registry.npmjs.org/is-extglob/-/is-extglob-2.1.1.tgz 871ms (cache miss)
560 http fetch GET 200 https://registry.npmjs.org/fast-deep-equal/-/fast-deep-equal-3.1.3.tgz 875ms (cache miss)
561 http fetch GET 200 https://registry.npmjs.org/@eslint/object-schema/-/object-schema-3.0.5.tgz 921ms (cache miss)
562 http fetch GET 200 https://registry.npmjs.org/@humanfs/core/-/core-0.19.1.tgz 936ms (cache miss)
563 http fetch GET 200 https://registry.npmjs.org/optionator/-/optionator-0.9.4.tgz 921ms (cache miss)
564 http fetch GET 200 https://registry.npmjs.org/fast-levenshtein/-/fast-levenshtein-2.0.6.tgz 902ms (cache miss)
565 http fetch GET 200 https://registry.npmjs.org/glob-parent/-/glob-parent-6.0.2.tgz 907ms (cache miss)
566 http fetch GET 200 https://registry.npmjs.org/file-entry-cache/-/file-entry-cache-8.0.0.tgz 903ms (cache miss)
567 http fetch GET 200 https://registry.npmjs.org/eslint-visitor-keys/-/eslint-visitor-keys-5.0.1.tgz 902ms (cache miss)
568 http fetch GET 200 https://registry.npmjs.org/balanced-match/-/balanced-match-4.0.4.tgz 897ms (cache miss)
569 http fetch GET 200 https://registry.npmjs.org/fast-json-stable-stringify/-/fast-json-stable-stringify-2.1.0.tgz 908ms (cache miss)
570 http fetch GET 200 https://registry.npmjs.org/flat-cache/-/flat-cache-4.0.1.tgz 924ms (cache miss)
571 http fetch GET 200 https://registry.npmjs.org/esrecurse/-/esrecurse-4.3.0.tgz 917ms (cache miss)
572 http fetch GET 200 https://registry.npmjs.org/escape-string-regexp/-/escape-string-regexp-4.0.0.tgz 912ms (cache miss)
573 http fetch GET 200 https://registry.npmjs.org/deep-is/-/deep-is-0.1.4.tgz 911ms (cache miss)
574 http fetch GET 200 https://registry.npmjs.org/@eslint/core/-/core-1.2.1.tgz 964ms (cache miss)
575 http fetch GET 200 https://registry.npmjs.org/prelude-ls/-/prelude-ls-1.2.1.tgz 950ms (cache miss)
576 http fetch GET 200 https://registry.npmjs.org/ignore/-/ignore-5.3.2.tgz 943ms (cache miss)
577 http fetch GET 200 https://registry.npmjs.org/esutils/-/esutils-2.0.3.tgz 928ms (cache miss)
578 http fetch GET 200 https://registry.npmjs.org/estraverse/-/estraverse-5.3.0.tgz 941ms (cache miss)
579 http fetch GET 200 https://registry.npmjs.org/cross-spawn/-/cross-spawn-7.0.6.tgz 935ms (cache miss)
580 http fetch GET 200 https://registry.npmjs.org/json-stable-stringify-without-jsonify/-/json-stable-stringify-without-jsonify-1.0.1.tgz 967ms (cache miss)
581 http fetch GET 200 https://registry.npmjs.org/acorn-jsx/-/acorn-jsx-5.3.2.tgz 937ms (cache miss)
582 http fetch GET 200 https://registry.npmjs.org/flatted/-/flatted-3.4.2.tgz 983ms (cache miss)
583 http fetch GET 200 https://registry.npmjs.org/espree/-/espree-11.2.0.tgz 981ms (cache miss)
584 http fetch GET 200 https://registry.npmjs.org/@eslint-community/regexpp/-/regexpp-4.12.2.tgz 1037ms (cache miss)
585 http fetch GET 200 https://registry.npmjs.org/debug/-/debug-4.4.3.tgz 983ms (cache miss)
586 http fetch GET 200 https://registry.npmjs.org/@eslint-community/eslint-utils/-/eslint-utils-4.9.1.tgz 1048ms (cache miss)
587 http fetch GET 200 https://registry.npmjs.org/eslint-scope/-/eslint-scope-9.1.2.tgz 1002ms (cache miss)
588 http fetch GET 200 https://registry.npmjs.org/brace-expansion/-/brace-expansion-5.0.5.tgz 1018ms (cache miss)
589 http fetch GET 200 https://registry.npmjs.org/acorn/-/acorn-8.16.0.tgz 1038ms (cache miss)
590 http fetch GET 200 https://registry.npmjs.org/@eslint/config-array/-/config-array-0.23.5.tgz 1101ms (cache miss)
591 http fetch GET 200 https://registry.npmjs.org/esquery/-/esquery-1.7.0.tgz 1099ms (cache miss)
592 http fetch GET 200 https://registry.npmjs.org/uri-js/-/uri-js-4.4.1.tgz 1179ms (cache miss)
593 http fetch GET 200 https://registry.npmjs.org/minimatch/-/minimatch-10.2.5.tgz 1190ms (cache miss)
594 http fetch GET 200 https://registry.npmjs.org/ajv/-/ajv-6.14.0.tgz 1192ms (cache miss)
595 http fetch GET 200 https://registry.npmjs.org/eslint/-/eslint-10.2.0.tgz 1442ms (cache miss)
596 silly CHANGE node_modules/eslint
597 silly CHANGE node_modules/eslint/node_modules/@types/json-schema
598 silly CHANGE node_modules/eslint/node_modules/@types/estree
599 silly CHANGE node_modules/eslint/node_modules/@types/esrecurse
600 silly CHANGE node_modules/eslint/node_modules/@humanwhocodes/retry
601 silly CHANGE node_modules/eslint/node_modules/@humanwhocodes/module-importer
602 silly CHANGE node_modules/eslint/node_modules/@humanfs/node
603 silly CHANGE node_modules/eslint/node_modules/@humanfs/core
604 silly CHANGE node_modules/eslint/node_modules/@eslint-community/regexpp
605 silly CHANGE node_modules/eslint/node_modules/@eslint-community/eslint-utils
606 silly CHANGE node_modules/eslint/node_modules/@eslint-community/eslint-utils/node_modules/eslint-visitor-keys
607 silly CHANGE node_modules/eslint/node_modules/@eslint/plugin-kit
608 silly CHANGE node_modules/eslint/node_modules/@eslint/object-schema
609 silly CHANGE node_modules/eslint/node_modules/@eslint/core
610 silly CHANGE node_modules/eslint/node_modules/@eslint/config-helpers
611 silly CHANGE node_modules/eslint/node_modules/@eslint/config-array
612 silly CHANGE node_modules/eslint/node_modules/yocto-queue
613 silly CHANGE node_modules/eslint/node_modules/word-wrap
614 silly CHANGE node_modules/eslint/node_modules/which
615 silly CHANGE node_modules/eslint/node_modules/uri-js
616 silly CHANGE node_modules/eslint/node_modules/type-check
617 silly CHANGE node_modules/eslint/node_modules/shebang-regex
618 silly CHANGE node_modules/eslint/node_modules/shebang-command
619 silly CHANGE node_modules/eslint/node_modules/punycode
620 silly CHANGE node_modules/eslint/node_modules/prelude-ls
621 silly CHANGE node_modules/eslint/node_modules/path-key
622 silly CHANGE node_modules/eslint/node_modules/path-exists
623 silly CHANGE node_modules/eslint/node_modules/p-locate
624 silly CHANGE node_modules/eslint/node_modules/p-limit
625 silly CHANGE node_modules/eslint/node_modules/optionator
626 silly CHANGE node_modules/eslint/node_modules/natural-compare
627 silly CHANGE node_modules/eslint/node_modules/ms
628 silly CHANGE node_modules/eslint/node_modules/minimatch
629 silly CHANGE node_modules/eslint/node_modules/locate-path
630 silly CHANGE node_modules/eslint/node_modules/levn
631 silly CHANGE node_modules/eslint/node_modules/keyv
632 silly CHANGE node_modules/eslint/node_modules/json-stable-stringify-without-jsonify
633 silly CHANGE node_modules/eslint/node_modules/json-schema-traverse
634 silly CHANGE node_modules/eslint/node_modules/json-buffer
635 silly CHANGE node_modules/eslint/node_modules/isexe
636 silly CHANGE node_modules/eslint/node_modules/is-glob
637 silly CHANGE node_modules/eslint/node_modules/is-extglob
638 silly CHANGE node_modules/eslint/node_modules/imurmurhash
639 silly CHANGE node_modules/eslint/node_modules/ignore
640 silly CHANGE node_modules/eslint/node_modules/glob-parent
641 silly CHANGE node_modules/eslint/node_modules/flatted
642 silly CHANGE node_modules/eslint/node_modules/flat-cache
643 silly CHANGE node_modules/eslint/node_modules/find-up
644 silly CHANGE node_modules/eslint/node_modules/file-entry-cache
645 silly CHANGE node_modules/eslint/node_modules/fast-levenshtein
646 silly CHANGE node_modules/eslint/node_modules/fast-json-stable-stringify
647 silly CHANGE node_modules/eslint/node_modules/fast-deep-equal
648 silly CHANGE node_modules/eslint/node_modules/esutils
649 silly CHANGE node_modules/eslint/node_modules/estraverse
650 silly CHANGE node_modules/eslint/node_modules/esrecurse
651 silly CHANGE node_modules/eslint/node_modules/esquery
652 silly CHANGE node_modules/eslint/node_modules/espree
653 silly CHANGE node_modules/eslint/node_modules/eslint-visitor-keys
654 silly CHANGE node_modules/eslint/node_modules/eslint-scope
655 silly CHANGE node_modules/eslint/node_modules/escape-string-regexp
656 silly CHANGE node_modules/eslint/node_modules/deep-is
657 silly CHANGE node_modules/eslint/node_modules/debug
658 silly CHANGE node_modules/eslint/node_modules/cross-spawn
659 silly CHANGE node_modules/eslint/node_modules/brace-expansion
660 silly CHANGE node_modules/eslint/node_modules/balanced-match
661 silly CHANGE node_modules/eslint/node_modules/ajv
662 silly CHANGE node_modules/eslint/node_modules/acorn-jsx
663 silly CHANGE node_modules/eslint/node_modules/acorn
664 verbose cwd /data/data/com.termux/files/home/X-osint
665 verbose os Linux 5.10.233-android12-9-00008-gf5ac1bdc50ed-ab13743812
666 verbose node v24.14.1
667 verbose npm  v11.12.1
668 verbose exit 0
669 info ok
