0 verbose cli /data/data/com.termux/files/usr/bin/node /data/data/com.termux/files/usr/bin/npm
1 info using npm@11.12.1
2 info using node@v24.14.1
3 silly config load:file:/data/data/com.termux/files/usr/lib/node_modules/npm/npmrc
4 silly config load:file:/data/data/com.termux/files/home/X-osint/X-osint/.npmrc
5 silly config load:file:/data/data/com.termux/files/home/.npmrc
6 silly config load:file:/data/data/com.termux/files/usr/etc/npmrc
7 verbose title npm cache clean
8 verbose argv "cache" "clean" "--force"
9 verbose logfile logs-max:10 dir:/data/data/com.termux/files/home/.npm/_logs/2026-04-03T05_13_19_036Z-
10 verbose logfile /data/data/com.termux/files/home/.npm/_logs/2026-04-03T05_13_19_036Z-debug-0.log
11 warn using --force Recommended protections disabled.
12 silly logfile start cleaning logs, removing 1 files
13 silly logfile done cleaning log files
14 verbose cwd /data/data/com.termux/files/home/X-osint/X-osint
15 verbose os Linux 5.10.233-android12-9-00008-gf5ac1bdc50ed-ab13743812
16 verbose node v24.14.1
17 verbose npm  v11.12.1
18 verbose exit 0
19 info ok
