============================== Prover9 ===============================
Prover9 (64) version 2009-11A, November 2009.
Process 28896 was started by u0_a494 on localhost,
Fri Apr 17 05:43:35 2026
The command was "/data/data/com.termux/files/usr/bin/prover9 -f adversarial_audit.in".
============================== end of head ===========================

============================== INPUT =================================

% Reading from file adversarial_audit.in


formulas(assumptions).
Reason(x,CustomerPopularity) & -PriorWarnings(x) -> -Misconduct(x).
Evidence(x,Video) -> Misconduct(x).
Discharged(x) & -Misconduct(x) -> Eligible(x).
Reason(Julie,CustomerPopularity).
-PriorWarnings(Julie).
Evidence(Julie,Video).
Discharged(Julie).
end_of_list.

formulas(goals).
Eligible(Julie).
end_of_list.

============================== end of input ==========================

============================== PROCESS NON-CLAUSAL FORMULAS ==========

% Formulas that are not ordinary clauses:
1 Reason(x,CustomerPopularity) & -PriorWarnings(x) -> -Misconduct(x) # label(non_clause).  [assumption].
2 Evidence(x,Video) -> Misconduct(x) # label(non_clause).  [assumption].
3 Discharged(x) & -Misconduct(x) -> Eligible(x) # label(non_clause).  [assumption].
4 Eligible(Julie) # label(non_clause) # label(goal).  [goal].

============================== end of process non-clausal formulas ===

============================== PROCESS INITIAL CLAUSES ===============

% Clauses before input processing:

formulas(usable).
end_of_list.

formulas(sos).
-Reason(x,CustomerPopularity) | PriorWarnings(x) | -Misconduct(x).  [clausify(1)].
-Evidence(x,Video) | Misconduct(x).  [clausify(2)].
-Discharged(x) | Misconduct(x) | Eligible(x).  [clausify(3)].
Reason(Julie,CustomerPopularity).  [assumption].
-PriorWarnings(Julie).  [assumption].
Evidence(Julie,Video).  [assumption].
Discharged(Julie).  [assumption].
-Eligible(Julie).  [deny(4)].
end_of_list.

formulas(demodulators).
end_of_list.

============================== PREDICATE ELIMINATION =================

Eliminating Reason/2
5 Reason(Julie,CustomerPopularity).  [assumption].
6 -Reason(x,CustomerPopularity) | PriorWarnings(x) | -Misconduct(x).  [clausify(1)].
Derived: PriorWarnings(Julie) | -Misconduct(Julie).  [resolve(5,a,6,a)].

Eliminating Evidence/2
7 Evidence(Julie,Video).  [assumption].
8 -Evidence(x,Video) | Misconduct(x).  [clausify(2)].
Derived: Misconduct(Julie).  [resolve(7,a,8,a)].

Eliminating Discharged/1
9 Discharged(Julie).  [assumption].
10 -Discharged(x) | Misconduct(x) | Eligible(x).  [clausify(3)].

Eliminating PriorWarnings/1
11 PriorWarnings(Julie) | -Misconduct(Julie).  [resolve(5,a,6,a)].
12 -PriorWarnings(Julie).  [assumption].
Derived: -Misconduct(Julie).  [resolve(11,a,12,a)].

Eliminating Eligible/1

Eliminating Misconduct/1
13 -Misconduct(Julie).  [resolve(11,a,12,a)].
14 Misconduct(Julie).  [resolve(7,a,8,a)].
Derived: $F.  [resolve(13,a,14,a)].

============================== end predicate elimination =============

Auto_denials:  (no changes).

Term ordering decisions:
Predicate symbol precedence:  predicate_order([ ]).
Function symbol precedence:  function_order([ ]).
After inverse_order:  (no changes).
Unfolding symbols: (none).

Auto_inference settings:
  % set(neg_binary_resolution).  % (HNE depth_diff=0)
  % clear(ordered_res).  % (HNE depth_diff=0)
  % set(ur_resolution).  % (HNE depth_diff=0)
    % set(ur_resolution) -> set(pos_ur_resolution).
    % set(ur_resolution) -> set(neg_ur_resolution).

Auto_process settings:  (no changes).


============================== PROOF =================================

% Proof 1 at 0.01 (+ 0.00) seconds.
% Length of proof is 11.
% Level of proof is 4.
% Maximum clause weight is 0.000.
% Given clauses 0.

1 Reason(x,CustomerPopularity) & -PriorWarnings(x) -> -Misconduct(x) # label(non_clause).  [assumption].
2 Evidence(x,Video) -> Misconduct(x) # label(non_clause).  [assumption].
5 Reason(Julie,CustomerPopularity).  [assumption].
6 -Reason(x,CustomerPopularity) | PriorWarnings(x) | -Misconduct(x).  [clausify(1)].
7 Evidence(Julie,Video).  [assumption].
8 -Evidence(x,Video) | Misconduct(x).  [clausify(2)].
11 PriorWarnings(Julie) | -Misconduct(Julie).  [resolve(5,a,6,a)].
12 -PriorWarnings(Julie).  [assumption].
13 -Misconduct(Julie).  [resolve(11,a,12,a)].
14 Misconduct(Julie).  [resolve(7,a,8,a)].
15 $F.  [resolve(13,a,14,a)].

============================== end of proof ==========================

============================== STATISTICS ============================

Given=0. Generated=1. Kept=0. proofs=1.
Usable=0. Sos=0. Demods=0. Limbo=0, Disabled=12. Hints=0.
Kept_by_rule=0, Deleted_by_rule=0.
Forward_subsumed=0. Back_subsumed=0.
Sos_limit_deleted=0. Sos_displaced=0. Sos_removed=0.
New_demodulators=0 (0 lex), Back_demodulated=0. Back_unit_deleted=0.
Demod_attempts=0. Demod_rewrites=0.
Res_instance_prunes=0. Para_instance_prunes=0. Basic_paramod_prunes=0.
Nonunit_fsub_feature_tests=0. Nonunit_bsub_feature_tests=0.
Megabytes=0.03.
User_CPU=0.01, System_CPU=0.00, Wall_clock=0.

============================== end of statistics =====================

============================== end of search =========================

THEOREM PROVED

Exiting with 1 proof.

Process 28896 exit (max_proofs) Fri Apr 17 05:43:35 2026
