============================== Prover9 ===============================
Prover9 (64) version 2009-11A, November 2009.
Process 22876 was started by u0_a494 on localhost,
Mon Apr 13 14:02:42 2026
The command was "/data/data/com.termux/files/usr/bin/prover9 -f audit_verification.in".
============================== end of head ===========================

============================== INPUT =================================

% Reading from file audit_verification.in


formulas(sos).
(all p1 all p2 (Overlap(p1,p2) -> Compatible(p1,p2))).
(all p1 all p2 all p3 (Compatible(p1,p2) & Compatible(p2,p3) -> Compatible(p1,p3))).
Patch(wellborn_law).
Patch(regulatory_record).
Patch(user_evidence).
Overlap(user_evidence,regulatory_record).
Overlap(regulatory_record,wellborn_law).
-Compatible(user_evidence,wellborn_law).
end_of_list.

============================== end of input ==========================

============================== PROCESS NON-CLAUSAL FORMULAS ==========

% Formulas that are not ordinary clauses:
1 (all p1 all p2 (Overlap(p1,p2) -> Compatible(p1,p2))) # label(non_clause).  [assumption].
2 (all p1 all p2 all p3 (Compatible(p1,p2) & Compatible(p2,p3) -> Compatible(p1,p3))) # label(non_clause).  [assumption].

============================== end of process non-clausal formulas ===

============================== PROCESS INITIAL CLAUSES ===============

% Clauses before input processing:

formulas(usable).
end_of_list.

formulas(sos).
-Overlap(x,y) | Compatible(x,y).  [clausify(1)].
-Compatible(x,y) | -Compatible(y,z) | Compatible(x,z).  [clausify(2)].
Patch(x).  [assumption].
Patch(regulatory_record).  [assumption].
Patch(x).  [assumption].
Overlap(x,regulatory_record).  [assumption].
Overlap(regulatory_record,x).  [assumption].
-Compatible(x,y).  [assumption].
end_of_list.

formulas(demodulators).
end_of_list.

============================== PREDICATE ELIMINATION =================

Eliminating Overlap/2
3 Overlap(x,regulatory_record).  [assumption].
4 -Overlap(x,y) | Compatible(x,y).  [clausify(1)].
Derived: Compatible(x,regulatory_record).  [resolve(3,a,4,a)].
5 Overlap(regulatory_record,x).  [assumption].
Derived: Compatible(regulatory_record,x).  [resolve(5,a,4,a)].

Eliminating Patch/1

============================== end predicate elimination =============

Auto_denials:  (no changes).

Term ordering decisions:
Predicate symbol precedence:  predicate_order([ Compatible ]).
Function symbol precedence:  function_order([ regulatory_record ]).
After inverse_order:  (no changes).
Unfolding symbols: (none).

Auto_inference settings:
  % set(neg_binary_resolution).  % (HNE depth_diff=0)
  % clear(ordered_res).  % (HNE depth_diff=0)
  % set(ur_resolution).  % (HNE depth_diff=0)
    % set(ur_resolution) -> set(pos_ur_resolution).
    % set(ur_resolution) -> set(neg_ur_resolution).

Auto_process settings:  (no changes).

kept:      6 -Compatible(x,y) | -Compatible(y,z) | Compatible(x,z).  [clausify(2)].
kept:      7 -Compatible(x,y).  [assumption].
kept:      8 Compatible(x,regulatory_record).  [resolve(3,a,4,a)].

============================== PROOF =================================

% Proof 1 at 0.00 (+ 0.01) seconds.
% Length of proof is 6.
% Level of proof is 3.
% Maximum clause weight is 3.000.
% Given clauses 0.

1 (all p1 all p2 (Overlap(p1,p2) -> Compatible(p1,p2))) # label(non_clause).  [assumption].
3 Overlap(x,regulatory_record).  [assumption].
4 -Overlap(x,y) | Compatible(x,y).  [clausify(1)].
7 -Compatible(x,y).  [assumption].
8 Compatible(x,regulatory_record).  [resolve(3,a,4,a)].
9 $F.  [resolve(8,a,7,a)].

============================== end of proof ==========================

============================== STATISTICS ============================

Given=0. Generated=3. Kept=3. proofs=1.
Usable=0. Sos=0. Demods=0. Limbo=2, Disabled=9. Hints=0.
Kept_by_rule=0, Deleted_by_rule=0.
Forward_subsumed=0. Back_subsumed=0.
Sos_limit_deleted=0. Sos_displaced=0. Sos_removed=0.
New_demodulators=0 (0 lex), Back_demodulated=0. Back_unit_deleted=0.
Demod_attempts=0. Demod_rewrites=0.
Res_instance_prunes=0. Para_instance_prunes=0. Basic_paramod_prunes=0.
Nonunit_fsub_feature_tests=0. Nonunit_bsub_feature_tests=0.
Megabytes=0.03.
User_CPU=0.00, System_CPU=0.01, Wall_clock=0.

============================== end of statistics =====================

============================== end of search =========================

THEOREM PROVED

Exiting with 1 proof.

Process 22876 exit (max_proofs) Mon Apr 13 14:02:42 2026
