--- SYSTEM SCAN Fri Apr 17 04:51:19 MST 2026 ---
Filesystem                   Size Used Avail Use% Mounted on
/dev/block/dm-7              694M 694M     0 100% /
tmpfs                        3.6G 2.4M  3.6G   1% /dev
tmpfs                        3.6G    0  3.6G   0% /mnt
/dev/block/vold/public:179,1  59G 195M   59G   1% /mnt/media_rw/846D-18FC
/dev/block/dm-8              725M 725M     0 100% /system_ext
/dev/block/dm-9              4.5G 4.5G     0 100% /product
/dev/block/dm-10             941M 941M     0 100% /vendor
/dev/block/sdf17              25M  25M     0 100% /vendor/fsg
/dev/block/dm-11              24M  24M     0 100% /vendor_dlkm
tmpfs                        3.6G  40K  3.6G   1% /apex
/dev/block/loop14             40M  40M     0 100% /apex/com.android.vndk.v34@1
/dev/block/dm-49              11M  11M     0 100% /apex/com.android.adbd@361154540
/dev/block/loop12            6.4M 6.4M     0 100% /apex/com.android.nfcservices@352090000
/dev/block/loop4              21M  21M     0 100% /apex/com.android.btservices@352090000
/dev/block/loop9             232K 112K  116K  50% /apex/com.android.apex.cts.shim@1
/dev/block/dm-47              32M  32M     0 100% /apex/com.android.mediaprovider@361521100
/dev/block/dm-51              11M  10M     0 100% /apex/com.android.wifi@361524080
/dev/block/loop10             38M  38M     0 100% /apex/com.android.i18n@1
/dev/block/dm-50              29M  29M     0 100% /apex/com.android.media.swcodec@361521100
/dev/block/loop6             316K 284K   28K  92% /apex/com.android.virt@2
/dev/block/dm-37             7.0M 7.0M     0 100% /apex/com.android.media@361521100
/dev/block/dm-42             4.1M 4.1M     0 100% /apex/com.android.appsearch@361525160
/dev/block/loop18            1.2M 1.2M  8.0K 100% /apex/com.android.rkpd@352090000
/dev/block/dm-25              22M  22M     0 100% /apex/com.android.adservices@361153320
/dev/block/dm-32              21M  21M     0 100% /apex/com.android.cellbroadcast@361524280
/dev/block/dm-36             3.2M 3.2M     0 100% /apex/com.android.os.statsd@361420820
/dev/block/loop20             45M  45M     0 100% /apex/com.android.vndk.v33@1
/dev/block/dm-31             7.7M 7.7M     0 100% /apex/com.android.neuralnetworks@361153320
/dev/block/dm-45             7.5M 7.4M     0 100% /apex/com.android.conscrypt@361331440
/dev/block/loop25             39M  39M     0 100% /apex/com.android.vndk.v31@1
/dev/block/loop26            7.3M 7.3M     0 100% /apex/com.android.devicelock@342410000
/dev/block/loop34            108M 108M     0 100% /apex/com.android.vndk.v30@1
/dev/block/dm-30              42M  42M     0 100% /apex/com.android.art@361501120
/dev/block/dm-44             788K 756K   16K  98% /apex/com.android.tzdata@361157000
/dev/block/loop32            288K 256K   28K  91% /apex/com.motorola.motosecure@150100023
/dev/block/loop30            1.9M 1.9M     0 100% /apex/com.motorola.enterprise@150100060
/dev/block/dm-22             840K 812K   12K  99% /apex/com.android.ipsec@361153320
/dev/block/dm-19              27M  27M     0 100% /apex/com.android.permission@361524160
/dev/block/dm-27             5.3M 5.3M     0 100% /apex/com.android.configinfrastructure@361153320
/dev/block/dm-29             6.2M 6.2M     0 100% /apex/com.android.extservices@361153323
/dev/block/dm-17             232K 104K  124K  46% /apex/com.android.scheduling@361153320
/dev/block/dm-23              16M  16M     0 100% /apex/com.android.healthfitness@361420700
/dev/block/loop36             11M  10M     0 100% /apex/com.android.runtime@1
/dev/block/dm-16             1.0M 1.0M   12K  99% /apex/com.android.sdkext@361418240
/dev/block/loop39             40M  39M     0 100% /apex/com.android.vndk.v32@1
/dev/block/dm-20              13M  13M     0 100% /apex/com.android.ondevicepersonalization@361153320
/dev/block/loop41            2.1M 2.0M     0 100% /apex/com.google.mainline.primary.libs@351061000
/dev/block/dm-39             596K 568K   16K  98% /apex/com.android.profiling@352090000
/dev/block/dm-28             4.3M 4.3M     0 100% /apex/com.android.uwb@352090000
/dev/block/dm-15              35M  35M     0 100% /apex/com.android.tethering@361524140
/dev/block/dm-18             232K  24K  204K  11% /apex/com.android.resolv@361524040
tmpfs                        3.6G 4.0K  3.6G   1% /bootstrap-apex
/dev/block/loop2              38M  38M     0 100% /bootstrap-apex/com.android.i18n@1
/dev/block/loop1              11M  10M     0 100% /bootstrap-apex/com.android.runtime@1
/dev/block/loop3             780K 748K   16K  98% /bootstrap-apex/com.android.tzdata@351010000
/dev/block/loop0              39M  39M     0 100% /bootstrap-apex/com.android.vndk.v31@1
tmpfs                        3.6G    0  3.6G   0% /tmp
/dev/block/dm-53             109G 100G  8.7G  92% /data
/dev/fuse                    109G 100G  8.7G  92% /storage/emulated
/dev/fuse                    109G 100G  8.7G  92% /storage/emulated/11
/dev/fuse                     59G 195M   59G   1% /storage/846D-18FC
tmpfs                        3.6G    0  3.6G   0% /data/data
tmpfs                        3.6G    0  3.6G   0% /data/user
tmpfs                        3.6G    0  3.6G   0% /data/user_de
tmpfs                        3.6G    0  3.6G   0% /data/misc/profiles/cur
tmpfs                        3.6G    0  3.6G   0% /data/misc/profiles/ref
               total        used        free      shared  buff/cache   available
Mem:            7461        5074         205          45        2182        1958
Swap:           5596        3142        2453
{
  "present": true,
  "technology": "Li-ion",
  "health": "GOOD",
  "plugged": "UNPLUGGED",
  "status": "DISCHARGING",
  "temperature": 36.0,
  "voltage": 3650,
  "current": -729685,
  "current_average": null,
  "percentage": 19,
  "level": 19,
  "scale": 100,
  "charge_counter": 903155,
  "energy": null,
  "cycle": 211
}
[
  {
    "id": "0",
    "facing": "back",
    "jpeg_output_sizes": [
      {
        "width": 4080,
        "height": 3072
      },
      {
        "width": 4080,
        "height": 3060
      },
      {
        "width": 4080,
        "height": 2294
      },
      {
        "width": 4080,
        "height": 1836
      },
      {
        "width": 4000,
        "height": 3000
      },
      {
        "width": 4000,
        "height": 2250
      },
      {
        "width": 4000,
        "height": 1800
      },
      {
        "width": 3840,
        "height": 2160
      },
      {
        "width": 3840,
        "height": 1728
      },
      {
        "width": 3264,
        "height": 2448
      },
      {
        "width": 3264,
        "height": 1836
      },
      {
        "width": 3264,
        "height": 1468
      },
      {
        "width": 3072,
        "height": 3072
      },
      {
        "width": 2160,
        "height": 2160
      },
      {
        "width": 1920,
        "height": 1440
      },
      {
        "width": 1920,
        "height": 1080
      },
      {
        "width": 1920,
        "height": 864
      },
      {
        "width": 1440,
        "height": 1080
      },
      {
        "width": 1280,
        "height": 960
      },
      {
        "width": 1280,
        "height": 720
      },
      {
        "width": 1280,
        "height": 576
      },
      {
        "width": 1080,
        "height": 1080
      },
      {
        "width": 1024,
        "height": 768
      },
      {
        "width": 1024,
        "height": 576
      },
      {
        "width": 1024,
        "height": 460
      },
      {
        "width": 960,
        "height": 720
      },
      {
        "width": 960,
        "height": 540
      },
      {
        "width": 960,
        "height": 432
      },
      {
        "width": 720,
        "height": 720
      },
      {
        "width": 720,
        "height": 480
      },
      {
        "width": 720,
        "height": 324
      },
      {
        "width": 640,
        "height": 480
      },
      {
        "width": 640,
        "height": 360
      },
      {
        "width": 640,
        "height": 288
      },
      {
        "width": 352,
        "height": 288
      },
      {
        "width": 320,
        "height": 240
      },
      {
        "width": 176,
        "height": 144
      }
    ],
    "focal_lengths": [
      5.559999942779541
    ],
    "auto_exposure_modes": [
      "CONTROL_AE_MODE_OFF",
      "CONTROL_AE_MODE_ON",
      "CONTROL_AE_MODE_ON_AUTO_FLASH",
      "CONTROL_AE_MODE_ON_ALWAYS_FLASH"
    ],
    "physical_size": {
      "width": 8.15999984741211,
      "height": 6.144000053405762
    },
    "capabilities": [
      "backward_compatible",
      "constrained_high_speed_video",
      "raw",
      "yuv_reprocessing",
      "private_reprocessing",
      "read_sensor_settings",
      "manual_sensor",
      "burst_capture",
      "manual_post_processing"
    ]
  },
  {
    "id": "1",
    "facing": "front",
    "jpeg_output_sizes": [
      {
        "width": 3280,
        "height": 2460
      },
      {
        "width": 3280,
        "height": 1844
      },
      {
        "width": 3280,
        "height": 1476
      },
      {
        "width": 3264,
        "height": 2448
      },
      {
        "width": 3264,
        "height": 1836
      },
      {
        "width": 3264,
        "height": 1468
      },
      {
        "width": 2460,
        "height": 2460
      },
      {
        "width": 2160,
        "height": 2160
      },
      {
        "width": 1920,
        "height": 1440
      },
      {
        "width": 1920,
        "height": 1080
      },
      {
        "width": 1920,
        "height": 864
      },
      {
        "width": 1440,
        "height": 1080
      },
      {
        "width": 1280,
        "height": 960
      },
      {
        "width": 1280,
        "height": 720
      },
      {
        "width": 1280,
        "height": 576
      },
      {
        "width": 1080,
        "height": 1080
      },
      {
        "width": 1024,
        "height": 768
      },
      {
        "width": 1024,
        "height": 576
      },
      {
        "width": 1024,
        "height": 460
      },
      {
        "width": 960,
        "height": 720
      },
      {
        "width": 960,
        "height": 540
      },
      {
        "width": 960,
        "height": 432
      },
      {
        "width": 720,
        "height": 720
      },
      {
        "width": 720,
        "height": 480
      },
      {
        "width": 720,
        "height": 324
      },
      {
        "width": 640,
        "height": 480
      },
      {
        "width": 640,
        "height": 360
      },
      {
        "width": 640,
        "height": 288
      },
      {
        "width": 352,
        "height": 288
      },
      {
        "width": 320,
        "height": 240
      },
      {
        "width": 176,
        "height": 144
      }
    ],
    "focal_lengths": [
      3.2799999713897705
    ],
    "auto_exposure_modes": [
      "CONTROL_AE_MODE_OFF",
      "CONTROL_AE_MODE_ON"
    ],
    "physical_size": {
      "width": 4.5920000076293945,
      "height": 3.444000005722046
    },
    "capabilities": [
      "backward_compatible",
      "raw",
      "yuv_reprocessing",
      "private_reprocessing",
      "read_sensor_settings",
      "manual_sensor",
      "burst_capture",
      "manual_post_processing"
    ]
  }
]
