============================== Prover9 ===============================
Prover9 (64) version 2009-11A, November 2009.
Process 22246 was started by u0_a494 on localhost,
Mon Apr 13 14:01:13 2026
The command was "/data/data/com.termux/files/usr/bin/prover9 -f oph_logic.in".
============================== end of head ===========================

============================== INPUT =================================

% Reading from file oph_logic.in


formulas(sos).
(all p (Patch(p) -> (exists r (Record(r) & holds(p,r))))).
(all p1 all p2 (Overlap(p1,p2) -> Compatible(p1,p2))).
(all p1 all p2 all p3 (Compatible(p1,p2) & Compatible(p2,p3) -> Compatible(p1,p3))).
Patch(patch_alpha).
Patch(patch_beta).
Patch(patch_gamma).
Overlap(patch_alpha,patch_beta).
Overlap(patch_beta,patch_gamma).
-Compatible(patch_alpha,patch_gamma).
end_of_list.

============================== end of input ==========================

============================== PROCESS NON-CLAUSAL FORMULAS ==========

% Formulas that are not ordinary clauses:
1 (all p (Patch(p) -> (exists r (Record(r) & holds(p,r))))) # label(non_clause).  [assumption].
2 (all p1 all p2 (Overlap(p1,p2) -> Compatible(p1,p2))) # label(non_clause).  [assumption].
3 (all p1 all p2 all p3 (Compatible(p1,p2) & Compatible(p2,p3) -> Compatible(p1,p3))) # label(non_clause).  [assumption].

============================== end of process non-clausal formulas ===

============================== PROCESS INITIAL CLAUSES ===============

% Clauses before input processing:

formulas(usable).
end_of_list.

formulas(sos).
-Patch(x) | Record(f1(x)).  [clausify(1)].
-Patch(x) | holds(x,f1(x)).  [clausify(1)].
-Overlap(x,y) | Compatible(x,y).  [clausify(2)].
-Compatible(x,y) | -Compatible(y,z) | Compatible(x,z).  [clausify(3)].
Patch(patch_alpha).  [assumption].
Patch(patch_beta).  [assumption].
Patch(patch_gamma).  [assumption].
Overlap(patch_alpha,patch_beta).  [assumption].
Overlap(patch_beta,patch_gamma).  [assumption].
-Compatible(patch_alpha,patch_gamma).  [assumption].
end_of_list.

formulas(demodulators).
end_of_list.

============================== PREDICATE ELIMINATION =================

Eliminating Patch/1
4 Patch(patch_alpha).  [assumption].
5 -Patch(x) | Record(f1(x)).  [clausify(1)].
6 -Patch(x) | holds(x,f1(x)).  [clausify(1)].
Derived: Record(f1(patch_alpha)).  [resolve(4,a,5,a)].
Derived: holds(patch_alpha,f1(patch_alpha)).  [resolve(4,a,6,a)].
7 Patch(patch_beta).  [assumption].
Derived: Record(f1(patch_beta)).  [resolve(7,a,5,a)].
Derived: holds(patch_beta,f1(patch_beta)).  [resolve(7,a,6,a)].
8 Patch(patch_gamma).  [assumption].
Derived: Record(f1(patch_gamma)).  [resolve(8,a,5,a)].
Derived: holds(patch_gamma,f1(patch_gamma)).  [resolve(8,a,6,a)].

Eliminating Overlap/2
9 Overlap(patch_alpha,patch_beta).  [assumption].
10 -Overlap(x,y) | Compatible(x,y).  [clausify(2)].
Derived: Compatible(patch_alpha,patch_beta).  [resolve(9,a,10,a)].
11 Overlap(patch_beta,patch_gamma).  [assumption].
Derived: Compatible(patch_beta,patch_gamma).  [resolve(11,a,10,a)].

Eliminating Record/1

Eliminating holds/2

============================== end predicate elimination =============

Auto_denials:  (no changes).

Term ordering decisions:
Predicate symbol precedence:  predicate_order([ Compatible ]).
Function symbol precedence:  function_order([ patch_beta, patch_alpha, patch_gamma ]).
After inverse_order:  (no changes).
Unfolding symbols: (none).

Auto_inference settings:
  % set(neg_binary_resolution).  % (HNE depth_diff=0)
  % clear(ordered_res).  % (HNE depth_diff=0)
  % set(ur_resolution).  % (HNE depth_diff=0)
    % set(ur_resolution) -> set(pos_ur_resolution).
    % set(ur_resolution) -> set(neg_ur_resolution).

Auto_process settings:  (no changes).

kept:      12 -Compatible(x,y) | -Compatible(y,z) | Compatible(x,z).  [clausify(3)].
kept:      13 -Compatible(patch_alpha,patch_gamma).  [assumption].
kept:      14 Compatible(patch_alpha,patch_beta).  [resolve(9,a,10,a)].
kept:      15 Compatible(patch_beta,patch_gamma).  [resolve(11,a,10,a)].

============================== end of process initial clauses ========

============================== CLAUSES FOR SEARCH ====================

% Clauses after input processing:

formulas(usable).
end_of_list.

formulas(sos).
12 -Compatible(x,y) | -Compatible(y,z) | Compatible(x,z).  [clausify(3)].
13 -Compatible(patch_alpha,patch_gamma).  [assumption].
14 Compatible(patch_alpha,patch_beta).  [resolve(9,a,10,a)].
15 Compatible(patch_beta,patch_gamma).  [resolve(11,a,10,a)].
end_of_list.

formulas(demodulators).
end_of_list.

============================== end of clauses for search =============

============================== SEARCH ================================

% Starting search at 0.00 seconds.

given #1 (I,wt=9): 12 -Compatible(x,y) | -Compatible(y,z) | Compatible(x,z).  [clausify(3)].

given #2 (I,wt=3): 13 -Compatible(patch_alpha,patch_gamma).  [assumption].

given #3 (I,wt=3): 14 Compatible(patch_alpha,patch_beta).  [resolve(9,a,10,a)].

============================== PROOF =================================

% Proof 1 at 0.00 (+ 0.01) seconds.
% Length of proof is 11.
% Level of proof is 4.
% Maximum clause weight is 9.000.
% Given clauses 3.

2 (all p1 all p2 (Overlap(p1,p2) -> Compatible(p1,p2))) # label(non_clause).  [assumption].
3 (all p1 all p2 all p3 (Compatible(p1,p2) & Compatible(p2,p3) -> Compatible(p1,p3))) # label(non_clause).  [assumption].
9 Overlap(patch_alpha,patch_beta).  [assumption].
10 -Overlap(x,y) | Compatible(x,y).  [clausify(2)].
11 Overlap(patch_beta,patch_gamma).  [assumption].
12 -Compatible(x,y) | -Compatible(y,z) | Compatible(x,z).  [clausify(3)].
13 -Compatible(patch_alpha,patch_gamma).  [assumption].
14 Compatible(patch_alpha,patch_beta).  [resolve(9,a,10,a)].
15 Compatible(patch_beta,patch_gamma).  [resolve(11,a,10,a)].
17 -Compatible(patch_beta,patch_gamma).  [ur(12,a,14,a,c,13,a)].
18 $F.  [resolve(17,a,15,a)].

============================== end of proof ==========================

============================== STATISTICS ============================

Given=3. Generated=6. Kept=6. proofs=1.
Usable=3. Sos=2. Demods=0. Limbo=0, Disabled=18. Hints=0.
Kept_by_rule=0, Deleted_by_rule=0.
Forward_subsumed=0. Back_subsumed=0.
Sos_limit_deleted=0. Sos_displaced=0. Sos_removed=0.
New_demodulators=0 (0 lex), Back_demodulated=0. Back_unit_deleted=0.
Demod_attempts=0. Demod_rewrites=0.
Res_instance_prunes=0. Para_instance_prunes=0. Basic_paramod_prunes=0.
Nonunit_fsub_feature_tests=0. Nonunit_bsub_feature_tests=2.
Megabytes=0.05.
User_CPU=0.00, System_CPU=0.01, Wall_clock=0.

============================== end of statistics =====================

============================== end of search =========================

THEOREM PROVED

Exiting with 1 proof.

Process 22246 exit (max_proofs) Mon Apr 13 14:01:13 2026
