============================== Prover9 ===============================
Prover9 (64) version 2009-11A, November 2009.
Process 31727 was started by u0_a494 on localhost,
Fri Apr 17 05:49:42 2026
The command was "/data/data/com.termux/files/usr/bin/prover9 -f stress_test.in".
============================== end of head ===========================

============================== INPUT =================================

% Reading from file stress_test.in


formulas(assumptions).
(all x (Reason(x,CustomerPopularity) & -PriorWarnings(x) -> -Misconduct(x))).
(all x (PolicyViolation(x) -> Misconduct(x))).
Reason(Julie,CustomerPopularity).
-PriorWarnings(Julie).
PolicyViolation(Julie).
end_of_list.

formulas(goals).
Misconduct(Julie).
end_of_list.

============================== end of input ==========================

============================== PROCESS NON-CLAUSAL FORMULAS ==========

% Formulas that are not ordinary clauses:
1 (all x (Reason(x,CustomerPopularity) & -PriorWarnings(x) -> -Misconduct(x))) # label(non_clause).  [assumption].
2 (all x (PolicyViolation(x) -> Misconduct(x))) # label(non_clause).  [assumption].
3 Misconduct(Julie) # label(non_clause) # label(goal).  [goal].

============================== end of process non-clausal formulas ===

============================== PROCESS INITIAL CLAUSES ===============

% Clauses before input processing:

formulas(usable).
end_of_list.

formulas(sos).
-Reason(x,CustomerPopularity) | PriorWarnings(x) | -Misconduct(x).  [clausify(1)].
-PolicyViolation(x) | Misconduct(x).  [clausify(2)].
Reason(Julie,CustomerPopularity).  [assumption].
-PriorWarnings(Julie).  [assumption].
PolicyViolation(Julie).  [assumption].
-Misconduct(Julie).  [deny(3)].
end_of_list.

formulas(demodulators).
end_of_list.

============================== PREDICATE ELIMINATION =================

Eliminating Reason/2
4 Reason(Julie,CustomerPopularity).  [assumption].
5 -Reason(x,CustomerPopularity) | PriorWarnings(x) | -Misconduct(x).  [clausify(1)].

Eliminating PolicyViolation/1
6 PolicyViolation(Julie).  [assumption].
7 -PolicyViolation(x) | Misconduct(x).  [clausify(2)].
Derived: Misconduct(Julie).  [resolve(6,a,7,a)].

Eliminating PriorWarnings/1

Eliminating Misconduct/1
8 Misconduct(Julie).  [resolve(6,a,7,a)].
9 -Misconduct(Julie).  [deny(3)].
Derived: $F.  [resolve(8,a,9,a)].

============================== end predicate elimination =============

Auto_denials:  (no changes).

Term ordering decisions:
Predicate symbol precedence:  predicate_order([ ]).
Function symbol precedence:  function_order([ ]).
After inverse_order:  (no changes).
Unfolding symbols: (none).

Auto_inference settings:
  % set(neg_binary_resolution).  % (HNE depth_diff=0)
  % clear(ordered_res).  % (HNE depth_diff=0)
  % set(ur_resolution).  % (HNE depth_diff=0)
    % set(ur_resolution) -> set(pos_ur_resolution).
    % set(ur_resolution) -> set(neg_ur_resolution).

Auto_process settings:  (no changes).


============================== PROOF =================================

% Proof 1 at 0.01 (+ 0.00) seconds.
% Length of proof is 7.
% Level of proof is 3.
% Maximum clause weight is 0.000.
% Given clauses 0.

2 (all x (PolicyViolation(x) -> Misconduct(x))) # label(non_clause).  [assumption].
3 Misconduct(Julie) # label(non_clause) # label(goal).  [goal].
6 PolicyViolation(Julie).  [assumption].
7 -PolicyViolation(x) | Misconduct(x).  [clausify(2)].
8 Misconduct(Julie).  [resolve(6,a,7,a)].
9 -Misconduct(Julie).  [deny(3)].
10 $F.  [resolve(8,a,9,a)].

============================== end of proof ==========================

============================== STATISTICS ============================

Given=0. Generated=1. Kept=0. proofs=1.
Usable=0. Sos=0. Demods=0. Limbo=0, Disabled=8. Hints=0.
Kept_by_rule=0, Deleted_by_rule=0.
Forward_subsumed=0. Back_subsumed=0.
Sos_limit_deleted=0. Sos_displaced=0. Sos_removed=0.
New_demodulators=0 (0 lex), Back_demodulated=0. Back_unit_deleted=0.
Demod_attempts=0. Demod_rewrites=0.
Res_instance_prunes=0. Para_instance_prunes=0. Basic_paramod_prunes=0.
Nonunit_fsub_feature_tests=0. Nonunit_bsub_feature_tests=0.
Megabytes=0.03.
User_CPU=0.01, System_CPU=0.00, Wall_clock=0.

============================== end of statistics =====================

============================== end of search =========================

THEOREM PROVED

Exiting with 1 proof.

Process 31727 exit (max_proofs) Fri Apr 17 05:49:42 2026
