2026-03-31 01:07:31,615 [MainThread  ] [INFO] Requesting URL: https://www.google.com/
2026-03-31 01:07:31,916 [MainThread  ] [INFO] Stats: start=0, num=100, total_valid_links_found=0 / max_search_result_urls_to_return=100
2026-03-31 01:07:31,916 [MainThread  ] [INFO] Requesting URL: https://www.google.com/search?hl=en&lr=lang_en&q=site%3Anasa.gov+intitle%3Aindex.of&num=100&btnG=Google+Search&tbs=li:1&safe=off&cr=&filter=0
2026-03-31 01:07:32,227 [MainThread  ] [INFO] No valid search results found on this page.  Moving on...
2026-03-31 01:09:55,956 [MainThread  ] [INFO] Requesting URL: https://www.google.com/
2026-03-31 01:09:56,236 [MainThread  ] [INFO] Stats: start=0, num=100, total_valid_links_found=0 / max_search_result_urls_to_return=100
2026-03-31 01:09:56,236 [MainThread  ] [INFO] Requesting URL: https://www.google.com/search?hl=en&lr=lang_en&q=site%3Anasa.gov+intitle%3Aindex.of&num=100&btnG=Google+Search&tbs=li:1&safe=off&cr=&filter=0
2026-03-31 01:09:56,518 [MainThread  ] [INFO] No valid search results found on this page.  Moving on...
2026-03-31 01:10:35,250 [MainThread  ] [INFO] Requesting URL: https://www.google.com/
2026-03-31 01:10:35,831 [MainThread  ] [INFO] Stats: start=0, num=100, total_valid_links_found=0 / max_search_result_urls_to_return=100
2026-03-31 01:10:35,831 [MainThread  ] [INFO] Requesting URL: https://www.google.com/search?hl=en&lr=lang_en&q=site%3Anasa.gov+intitle%3Aindex.of&num=100&btnG=Google+Search&tbs=li:1&safe=off&cr=&filter=0
2026-03-31 01:10:36,369 [MainThread  ] [INFO] No valid search results found on this page.  Moving on...
2026-03-31 01:16:54,971 [MainThread  ] [INFO] Requesting URL: https://www.google.com/
2026-03-31 01:16:57,256 [MainThread  ] [INFO] Stats: start=0, num=100, total_valid_links_found=0 / max_search_result_urls_to_return=100
2026-03-31 01:16:57,258 [MainThread  ] [INFO] Requesting URL: https://www.google.com/search?hl=en&lr=lang_en&q=site%3Anasa.gov+intitle%3Aindex.of&num=100&btnG=Google+Search&tbs=li:1&safe=off&cr=&filter=0
2026-03-31 01:17:02,055 [MainThread  ] [INFO] No valid search results found on this page.  Moving on...
2026-03-31 01:19:43,501 [MainThread  ] [INFO] Requesting URL: https://www.google.com/
2026-03-31 01:19:45,009 [MainThread  ] [INFO] Stats: start=0, num=100, total_valid_links_found=0 / max_search_result_urls_to_return=100
2026-03-31 01:19:45,009 [MainThread  ] [INFO] Requesting URL: https://www.google.com/search?hl=en&lr=lang_en&q=site%3Anasa.gov+filetype%3Apdf+intext%3Aconfidential&num=100&btnG=Google+Search&tbs=li:1&safe=off&cr=&filter=0
2026-03-31 01:19:49,086 [MainThread  ] [INFO] No valid search results found on this page.  Moving on...
2026-03-31 01:23:13,769 [MainThread  ] [INFO] Requesting URL: https://www.google.com/
2026-03-31 01:23:15,633 [MainThread  ] [INFO] Stats: start=0, num=100, total_valid_links_found=0 / max_search_result_urls_to_return=100
2026-03-31 01:23:15,634 [MainThread  ] [INFO] Requesting URL: https://www.google.com/search?hl=en&lr=lang_en&q=site%3Anasa.gov+filetype%3Apdf&num=100&btnG=Google+Search&tbs=li:1&safe=off&cr=&filter=0
2026-03-31 01:23:17,863 [MainThread  ] [WARNING] HTML response code: 403
2026-03-31 01:23:17,874 [MainThread  ] [INFO] No valid search results found on this page.  Moving on...
2026-03-31 01:25:07,927 [MainThread  ] [INFO] Requesting URL: https://www.google.com/
2026-03-31 01:25:12,011 [MainThread  ] [INFO] Requesting URL: https://www.google.com/
2026-03-31 01:34:19,570 [MainThread  ] [INFO] Requesting URL: https://www.google.com/
2026-03-31 01:35:10,261 [MainThread  ] [INFO] Requesting URL: https://www.google.com/
2026-03-31 01:35:56,729 [MainThread  ] [INFO] Requesting URL: https://www.google.com/
