============================== Prover9 ===============================
Prover9 (64) version 2009-11A, November 2009.
Process 6516 was started by u0_a494 on localhost,
Sat Apr 18 11:14:10 2026
The command was "/data/data/com.termux/files/home/LADR-2009-11A/bin/prover9 -f identity_audit.in".
============================== end of head ===========================

============================== INPUT =================================

% Reading from file identity_audit.in


formulas(assumptions).
Sovereign(Travis_Ryle).
Trust(Private_Bank_Estate_and_Trust).
Authorized(Travis_Ryle,Private_Bank_Estate_and_Trust).
(all x all y (Sovereign(x) & Authorized(x,y) -> Legally_Exists(y))).
end_of_list.

formulas(goals).
Legally_Exists(Private_Bank_Estate_and_Trust).
end_of_list.

============================== end of input ==========================

============================== PROCESS NON-CLAUSAL FORMULAS ==========

% Formulas that are not ordinary clauses:
1 (all x all y (Sovereign(x) & Authorized(x,y) -> Legally_Exists(y))) # label(non_clause).  [assumption].
2 Legally_Exists(Private_Bank_Estate_and_Trust) # label(non_clause) # label(goal).  [goal].

============================== end of process non-clausal formulas ===

============================== PROCESS INITIAL CLAUSES ===============

% Clauses before input processing:

formulas(usable).
end_of_list.

formulas(sos).
Sovereign(Travis_Ryle).  [assumption].
Trust(Private_Bank_Estate_and_Trust).  [assumption].
Authorized(Travis_Ryle,Private_Bank_Estate_and_Trust).  [assumption].
-Sovereign(x) | -Authorized(x,y) | Legally_Exists(y).  [clausify(1)].
-Legally_Exists(Private_Bank_Estate_and_Trust).  [deny(2)].
end_of_list.

formulas(demodulators).
end_of_list.

============================== PREDICATE ELIMINATION =================

Eliminating Sovereign/1
3 -Sovereign(x) | -Authorized(x,y) | Legally_Exists(y).  [clausify(1)].
4 Sovereign(Travis_Ryle).  [assumption].
Derived: -Authorized(Travis_Ryle,x) | Legally_Exists(x).  [resolve(3,a,4,a)].

Eliminating Trust/1

Eliminating Authorized/2
5 -Authorized(Travis_Ryle,x) | Legally_Exists(x).  [resolve(3,a,4,a)].
6 Authorized(Travis_Ryle,Private_Bank_Estate_and_Trust).  [assumption].
Derived: Legally_Exists(Private_Bank_Estate_and_Trust).  [resolve(5,a,6,a)].

Eliminating Legally_Exists/1
7 Legally_Exists(Private_Bank_Estate_and_Trust).  [resolve(5,a,6,a)].
8 -Legally_Exists(Private_Bank_Estate_and_Trust).  [deny(2)].
Derived: $F.  [resolve(7,a,8,a)].

============================== end predicate elimination =============

Auto_denials:  (no changes).

Term ordering decisions:
Predicate symbol precedence:  predicate_order([ ]).
Function symbol precedence:  function_order([ ]).
After inverse_order:  (no changes).
Unfolding symbols: (none).

Auto_inference settings:
  % set(neg_binary_resolution).  % (HNE depth_diff=0)
  % clear(ordered_res).  % (HNE depth_diff=0)
  % set(ur_resolution).  % (HNE depth_diff=0)
    % set(ur_resolution) -> set(pos_ur_resolution).
    % set(ur_resolution) -> set(neg_ur_resolution).

Auto_process settings:  (no changes).


============================== PROOF =================================

% Proof 1 at 0.00 (+ 0.01) seconds.
% Length of proof is 9.
% Level of proof is 4.
% Maximum clause weight is 0.000.
% Given clauses 0.

1 (all x all y (Sovereign(x) & Authorized(x,y) -> Legally_Exists(y))) # label(non_clause).  [assumption].
2 Legally_Exists(Private_Bank_Estate_and_Trust) # label(non_clause) # label(goal).  [goal].
3 -Sovereign(x) | -Authorized(x,y) | Legally_Exists(y).  [clausify(1)].
4 Sovereign(Travis_Ryle).  [assumption].
5 -Authorized(Travis_Ryle,x) | Legally_Exists(x).  [resolve(3,a,4,a)].
6 Authorized(Travis_Ryle,Private_Bank_Estate_and_Trust).  [assumption].
7 Legally_Exists(Private_Bank_Estate_and_Trust).  [resolve(5,a,6,a)].
8 -Legally_Exists(Private_Bank_Estate_and_Trust).  [deny(2)].
9 $F.  [resolve(7,a,8,a)].

============================== end of proof ==========================

============================== STATISTICS ============================

Given=0. Generated=1. Kept=0. proofs=1.
Usable=0. Sos=0. Demods=0. Limbo=0, Disabled=8. Hints=0.
Kept_by_rule=0, Deleted_by_rule=0.
Forward_subsumed=0. Back_subsumed=0.
Sos_limit_deleted=0. Sos_displaced=0. Sos_removed=0.
New_demodulators=0 (0 lex), Back_demodulated=0. Back_unit_deleted=0.
Demod_attempts=0. Demod_rewrites=0.
Res_instance_prunes=0. Para_instance_prunes=0. Basic_paramod_prunes=0.
Nonunit_fsub_feature_tests=0. Nonunit_bsub_feature_tests=0.
Megabytes=0.03.
User_CPU=0.00, System_CPU=0.01, Wall_clock=0.

============================== end of statistics =====================

============================== end of search =========================

THEOREM PROVED

Exiting with 1 proof.

Process 6516 exit (max_proofs) Sat Apr 18 11:14:10 2026
