============================== Prover9 ===============================
Prover9 (64) version 2009-11A, November 2009.
Process 25534 was started by u0_a494 on localhost,
Tue Apr 21 01:00:16 2026
The command was "/data/data/com.termux/files/usr/bin/prover9 -f 03_Logic_Proofs/theorem_5.in".
============================== end of head ===========================

============================== INPUT =================================

% Reading from file 03_Logic_Proofs/theorem_5.in


formulas(assumptions).
(all x (J(x) -> P(x))).
(all x (R(x) & E(x) -> M(x))).
(all x (M(x) -> -P(x))).
R(travis).
E(travis).
end_of_list.

formulas(goals).
-J(travis).
end_of_list.

============================== end of input ==========================

============================== PROCESS NON-CLAUSAL FORMULAS ==========

% Formulas that are not ordinary clauses:
1 (all x (J(x) -> P(x))) # label(non_clause).  [assumption].
2 (all x (R(x) & E(x) -> M(x))) # label(non_clause).  [assumption].
3 (all x (M(x) -> -P(x))) # label(non_clause).  [assumption].
4 -J(travis) # label(non_clause) # label(goal).  [goal].

============================== end of process non-clausal formulas ===

============================== PROCESS INITIAL CLAUSES ===============

% Clauses before input processing:

formulas(usable).
end_of_list.

formulas(sos).
-J(x) | P(x).  [clausify(1)].
-R(x) | -E(x) | M(x).  [clausify(2)].
-M(x) | -P(x).  [clausify(3)].
R(travis).  [assumption].
E(travis).  [assumption].
J(travis).  [deny(4)].
end_of_list.

formulas(demodulators).
end_of_list.

============================== PREDICATE ELIMINATION =================

Eliminating J/1
5 J(travis).  [deny(4)].
6 -J(x) | P(x).  [clausify(1)].
Derived: P(travis).  [resolve(5,a,6,a)].

Eliminating R/1
7 R(travis).  [assumption].
8 -R(x) | -E(x) | M(x).  [clausify(2)].
Derived: -E(travis) | M(travis).  [resolve(7,a,8,a)].

Eliminating M/1
9 -E(travis) | M(travis).  [resolve(7,a,8,a)].
10 -M(x) | -P(x).  [clausify(3)].
Derived: -E(travis) | -P(travis).  [resolve(9,b,10,a)].

Eliminating E/1
11 -E(travis) | -P(travis).  [resolve(9,b,10,a)].
12 E(travis).  [assumption].
Derived: -P(travis).  [resolve(11,a,12,a)].

Eliminating P/1
13 -P(travis).  [resolve(11,a,12,a)].
14 P(travis).  [resolve(5,a,6,a)].
Derived: $F.  [resolve(13,a,14,a)].

============================== end predicate elimination =============

Auto_denials:  (no changes).

Term ordering decisions:
Predicate symbol precedence:  predicate_order([ ]).
Function symbol precedence:  function_order([ ]).
After inverse_order:  (no changes).
Unfolding symbols: (none).

Auto_inference settings:
  % set(neg_binary_resolution).  % (HNE depth_diff=0)
  % clear(ordered_res).  % (HNE depth_diff=0)
  % set(ur_resolution).  % (HNE depth_diff=0)
    % set(ur_resolution) -> set(pos_ur_resolution).
    % set(ur_resolution) -> set(neg_ur_resolution).

Auto_process settings:  (no changes).


============================== PROOF =================================

% Proof 1 at 0.00 (+ 0.01) seconds.
% Length of proof is 15.
% Level of proof is 5.
% Maximum clause weight is 0.000.
% Given clauses 0.

1 (all x (J(x) -> P(x))) # label(non_clause).  [assumption].
2 (all x (R(x) & E(x) -> M(x))) # label(non_clause).  [assumption].
3 (all x (M(x) -> -P(x))) # label(non_clause).  [assumption].
4 -J(travis) # label(non_clause) # label(goal).  [goal].
5 J(travis).  [deny(4)].
6 -J(x) | P(x).  [clausify(1)].
7 R(travis).  [assumption].
8 -R(x) | -E(x) | M(x).  [clausify(2)].
9 -E(travis) | M(travis).  [resolve(7,a,8,a)].
10 -M(x) | -P(x).  [clausify(3)].
11 -E(travis) | -P(travis).  [resolve(9,b,10,a)].
12 E(travis).  [assumption].
13 -P(travis).  [resolve(11,a,12,a)].
14 P(travis).  [resolve(5,a,6,a)].
15 $F.  [resolve(13,a,14,a)].

============================== end of proof ==========================

============================== STATISTICS ============================

Given=0. Generated=1. Kept=0. proofs=1.
Usable=0. Sos=0. Demods=0. Limbo=0, Disabled=11. Hints=0.
Kept_by_rule=0, Deleted_by_rule=0.
Forward_subsumed=0. Back_subsumed=0.
Sos_limit_deleted=0. Sos_displaced=0. Sos_removed=0.
New_demodulators=0 (0 lex), Back_demodulated=0. Back_unit_deleted=0.
Demod_attempts=0. Demod_rewrites=0.
Res_instance_prunes=0. Para_instance_prunes=0. Basic_paramod_prunes=0.
Nonunit_fsub_feature_tests=0. Nonunit_bsub_feature_tests=0.
Megabytes=0.03.
User_CPU=0.00, System_CPU=0.01, Wall_clock=0.

============================== end of statistics =====================

============================== end of search =========================

THEOREM PROVED

Exiting with 1 proof.

Process 25534 exit (max_proofs) Tue Apr 21 01:00:16 2026
