============================== Prover9 ===============================
Prover9 (64) version 2009-11A, November 2009.
Process 24470 was started by u0_a494 on localhost,
Tue Apr 21 00:58:42 2026
The command was "/data/data/com.termux/files/usr/bin/prover9 -f 03_Logic_Proofs/theorem_4.in".
============================== end of head ===========================

============================== INPUT =================================

% Reading from file 03_Logic_Proofs/theorem_4.in


formulas(assumptions).
(all x (F(x) -> -S(x))).
(all x (-S(x) & A(x) -> C(x))).
F(travis).
A(travis).
end_of_list.

formulas(goals).
C(travis).
end_of_list.

============================== end of input ==========================

============================== PROCESS NON-CLAUSAL FORMULAS ==========

% Formulas that are not ordinary clauses:
1 (all x (F(x) -> -S(x))) # label(non_clause).  [assumption].
2 (all x (-S(x) & A(x) -> C(x))) # label(non_clause).  [assumption].
3 C(travis) # label(non_clause) # label(goal).  [goal].

============================== end of process non-clausal formulas ===

============================== PROCESS INITIAL CLAUSES ===============

% Clauses before input processing:

formulas(usable).
end_of_list.

formulas(sos).
-F(x) | -S(x).  [clausify(1)].
S(x) | -A(x) | C(x).  [clausify(2)].
F(travis).  [assumption].
A(travis).  [assumption].
-C(travis).  [deny(3)].
end_of_list.

formulas(demodulators).
end_of_list.

============================== PREDICATE ELIMINATION =================

Eliminating F/1
4 F(travis).  [assumption].
5 -F(x) | -S(x).  [clausify(1)].
Derived: -S(travis).  [resolve(4,a,5,a)].

Eliminating S/1
6 -S(travis).  [resolve(4,a,5,a)].
7 S(x) | -A(x) | C(x).  [clausify(2)].
Derived: -A(travis) | C(travis).  [resolve(6,a,7,a)].

Eliminating A/1
8 -A(travis) | C(travis).  [resolve(6,a,7,a)].
9 A(travis).  [assumption].
Derived: C(travis).  [resolve(8,a,9,a)].

Eliminating C/1
10 C(travis).  [resolve(8,a,9,a)].
11 -C(travis).  [deny(3)].
Derived: $F.  [resolve(10,a,11,a)].

============================== end predicate elimination =============

Auto_denials:  (no changes).

Term ordering decisions:
Predicate symbol precedence:  predicate_order([ ]).
Function symbol precedence:  function_order([ ]).
After inverse_order:  (no changes).
Unfolding symbols: (none).

Auto_inference settings:
  % set(neg_binary_resolution).  % (HNE depth_diff=0)
  % clear(ordered_res).  % (HNE depth_diff=0)
  % set(ur_resolution).  % (HNE depth_diff=0)
    % set(ur_resolution) -> set(pos_ur_resolution).
    % set(ur_resolution) -> set(neg_ur_resolution).

Auto_process settings:  (no changes).


============================== PROOF =================================

% Proof 1 at 0.00 (+ 0.01) seconds.
% Length of proof is 12.
% Level of proof is 5.
% Maximum clause weight is 0.000.
% Given clauses 0.

1 (all x (F(x) -> -S(x))) # label(non_clause).  [assumption].
2 (all x (-S(x) & A(x) -> C(x))) # label(non_clause).  [assumption].
3 C(travis) # label(non_clause) # label(goal).  [goal].
4 F(travis).  [assumption].
5 -F(x) | -S(x).  [clausify(1)].
6 -S(travis).  [resolve(4,a,5,a)].
7 S(x) | -A(x) | C(x).  [clausify(2)].
8 -A(travis) | C(travis).  [resolve(6,a,7,a)].
9 A(travis).  [assumption].
10 C(travis).  [resolve(8,a,9,a)].
11 -C(travis).  [deny(3)].
12 $F.  [resolve(10,a,11,a)].

============================== end of proof ==========================

============================== STATISTICS ============================

Given=0. Generated=1. Kept=0. proofs=1.
Usable=0. Sos=0. Demods=0. Limbo=0, Disabled=9. Hints=0.
Kept_by_rule=0, Deleted_by_rule=0.
Forward_subsumed=0. Back_subsumed=0.
Sos_limit_deleted=0. Sos_displaced=0. Sos_removed=0.
New_demodulators=0 (0 lex), Back_demodulated=0. Back_unit_deleted=0.
Demod_attempts=0. Demod_rewrites=0.
Res_instance_prunes=0. Para_instance_prunes=0. Basic_paramod_prunes=0.
Nonunit_fsub_feature_tests=0. Nonunit_bsub_feature_tests=0.
Megabytes=0.03.
User_CPU=0.00, System_CPU=0.01, Wall_clock=0.

============================== end of statistics =====================

============================== end of search =========================

THEOREM PROVED

Exiting with 1 proof.

Process 24470 exit (max_proofs) Tue Apr 21 00:58:42 2026
